Archive member included because of file (symbol)

c:/devkitPro/libogc/lib/wii\libogc.a(console.o)
                              main.o (CON_Init)
c:/devkitPro/libogc/lib/wii\libogc.a(video.o)
                              c:/devkitPro/libogc/lib/wii\libogc.a(console.o) (VIDEO_GetCurrentFramebuffer)
c:/devkitPro/libogc/lib/wii\libogc.a(system.o)
                              main.o (SYS_SetResetCallback)
c:/devkitPro/libogc/lib/wii\libogc.a(system_asm.o)
                              c:/devkitPro/libogc/lib/wii\libogc.a(system.o) (__realmode)
c:/devkitPro/libogc/lib/wii\libogc.a(cond.o)
                              c:/devkitPro/libogc/lib/wii\libogc.a(system.o) (__lwp_cond_init)
c:/devkitPro/libogc/lib/wii\libogc.a(decrementer.o)
                              c:/devkitPro/libogc/lib/wii\libogc.a(system.o) (__decrementer_init)
c:/devkitPro/libogc/lib/wii\libogc.a(message.o)
                              c:/devkitPro/libogc/lib/wii\libogc.a(system.o) (__lwp_mqbox_init)
c:/devkitPro/libogc/lib/wii\libogc.a(si.o)
                              c:/devkitPro/libogc/lib/wii\libogc.a(system.o) (__si_init)
c:/devkitPro/libogc/lib/wii\libogc.a(ipc.o)
                              mload.o (iosDestroyHeap)
c:/devkitPro/libogc/lib/wii\libogc.a(ogc_crt0.o)
                              (_start)
c:/devkitPro/libogc/lib/wii\libogc.a(console_font_8x16.o)
                              c:/devkitPro/libogc/lib/wii\libogc.a(console.o) (console_font_8x16)
c:/devkitPro/libogc/lib/wii\libogc.a(timesupp.o)
                              c:/devkitPro/libogc/lib/wii\libogc.a(system.o) (gettick)
c:/devkitPro/libogc/lib/wii\libogc.a(lock_supp.o)
                              c:/devkitPro/libogc/lib/wii\libogc.a(system.o) (__libogc_lock_release)
c:/devkitPro/libogc/lib/wii\libogc.a(newlibc.o)
                              c:/devkitPro/libogc/lib/wii\libogc.a(system.o) (__libc_init)
c:/devkitPro/libogc/lib/wii\libogc.a(usbgecko.o)
                              c:/devkitPro/libogc/lib/wii\libogc.a(console.o) (usb_sendbuffer)
c:/devkitPro/libogc/lib/wii\libogc.a(sbrk.o)
                              c:/devkitPro/libogc/lib/wii\libogc.a(system.o) (__libogc_sbrk_r)
c:/devkitPro/libogc/lib/wii\libogc.a(malloc_lock.o)
                              c:/devkitPro/libogc/lib/wii\libogc.a(system.o) (__libogc_malloc_lock)
c:/devkitPro/libogc/lib/wii\libogc.a(stm.o)
                              c:/devkitPro/libogc/lib/wii\libogc.a(system.o) (STM_RegisterEventHandler)
c:/devkitPro/libogc/lib/wii\libogc.a(ios.o)
                              c:/devkitPro/libogc/lib/wii\libogc.a(system.o) (__IOS_ShutdownSubsystems)
c:/devkitPro/libogc/lib/wii\libogc.a(es.o)
                              c:/devkitPro/libogc/lib/wii\libogc.a(ios.o) (__ES_Reset)
c:/devkitPro/libogc/lib/wii\libogc.a(argv.o)
                              c:/devkitPro/libogc/lib/wii\libogc.a(ogc_crt0.o) (__CheckARGV)
c:/devkitPro/libogc/lib/wii\libogc.a(conf.o)
                              c:/devkitPro/libogc/lib/wii\libogc.a(video.o) (CONF_GetDisplayOffsetH)
c:/devkitPro/libogc/lib/wii\libogc.a(wiilaunch.o)
                              c:/devkitPro/libogc/lib/wii\libogc.a(system.o) (WII_ReturnToMenu)
c:/devkitPro/libogc/lib/wii\libogc.a(lwp_priority.o)
                              c:/devkitPro/libogc/lib/wii\libogc.a(system.o) (__lwp_priority_init)
c:/devkitPro/libogc/lib/wii\libogc.a(lwp_threadq.o)
                              c:/devkitPro/libogc/lib/wii\libogc.a(cond.o) (__lwp_threadqueue_first)
c:/devkitPro/libogc/lib/wii\libogc.a(lwp_threads.o)
                              c:/devkitPro/libogc/lib/wii\libogc.a(timesupp.o) (__lwp_thread_setstate)
c:/devkitPro/libogc/lib/wii\libogc.a(lwp_messages.o)
                              c:/devkitPro/libogc/lib/wii\libogc.a(message.o) (__lwpmq_close)
c:/devkitPro/libogc/lib/wii\libogc.a(lwp.o)
                              c:/devkitPro/libogc/lib/wii\libogc.a(system.o) (__lwp_sysinit)
c:/devkitPro/libogc/lib/wii\libogc.a(lwp_handler.o)
                              c:/devkitPro/libogc/lib/wii\libogc.a(lwp_threads.o) (_cpu_context_save_fp)
c:/devkitPro/libogc/lib/wii\libogc.a(lwp_stack.o)
                              c:/devkitPro/libogc/lib/wii\libogc.a(lwp_threads.o) (__lwp_stack_free)
c:/devkitPro/libogc/lib/wii\libogc.a(lwp_mutex.o)
                              c:/devkitPro/libogc/lib/wii\libogc.a(malloc_lock.o) (__lwp_mutex_initialize)
c:/devkitPro/libogc/lib/wii\libogc.a(lwp_watchdog.o)
                              c:/devkitPro/libogc/lib/wii\libogc.a(system.o) (__lwp_watchdog_init)
c:/devkitPro/libogc/lib/wii\libogc.a(lwp_wkspace.o)
                              c:/devkitPro/libogc/lib/wii\libogc.a(system.o) (__lwp_wkspace_init)
c:/devkitPro/libogc/lib/wii\libogc.a(lwp_objmgr.o)
                              c:/devkitPro/libogc/lib/wii\libogc.a(system.o) (__lwp_objmgr_getnoprotection)
c:/devkitPro/libogc/lib/wii\libogc.a(lwp_heap.o)
[...]
Memory Configuration

Name             Origin             Length             Attributes
*default*        0x00000000         0xffffffff

Linker script and memory map

                0x00003400                . = 0x3400

.stub
 *(.stub)
                0x80004000                . = 0x80004000

.init           0x80004000      0x208
 *crt0.o(*.init)
 .init          0x80004000      0x1e4 c:/devkitPro/libogc/lib/wii\libogc.a(ogc_crt0.o)
                0x8000419c                _memset
                0x80004000                _start
                0x800041cc                video_line
 *(.init)
 .init          0x800041e4        0xc c:/devkitpro/devkitppc/bin/../lib/gcc/powerpc-gekko/4.2.4/ecrti.o
                0x800041e4                __init
 .init          0x800041f0        0x4 c:/devkitpro/devkitppc/bin/../lib/gcc/powerpc-gekko/4.2.4/crtbegin.o
 .init          0x800041f4        0x4 c:/devkitpro/devkitppc/bin/../lib/gcc/powerpc-gekko/4.2.4/crtend.o
 .init          0x800041f8       0x10 c:/devkitpro/devkitppc/bin/../lib/gcc/powerpc-gekko/4.2.4/ecrtn.o

.plt
 *(.plt)

.interp
 *(.interp)

.hash
 *(.hash)

.dynsym
 *(.dynsym)

.dynstr
 *(.dynstr)

.gnu.version
 *(.gnu.version)

.gnu.version_d
 *(.gnu.version_d)

.gnu.version_r
 *(.gnu.version_r)

.rel.init
 *(.rel.init)

.rela.init      0x80004208        0x0
 *(.rela.init)
 .rela.init     0x00000000        0x0 c:/devkitpro/devkitppc/bin/../lib/gcc/powerpc-gekko/4.2.4/crtbegin.o

.rel.text
 *(.rel.text .rel.text.* .rel.gnu.linkonce.t.*)

.rela.text      0x80004208        0x0
 *(.rela.text .rela.text.* .rela.gnu.linkonce.t.*)
 .rela.text     0x00000000        0x0 c:/devkitpro/devkitppc/bin/../lib/gcc/powerpc-gekko/4.2.4/crtbegin.o
 .rela.text.main
                0x00000000        0x0 c:/devkitpro/devkitppc/bin/../lib/gcc/powerpc-gekko/4.2.4/crtbegin.o
 .rela.text.CON_EnableGecko
                0x00000000        0x0 c:/devkitpro/devkitppc/bin/../lib/gcc/powerpc-gekko/4.2.4/crtbegin.o
 .rela.text.__console_init_ex
                0x00000000        0x0 c:/devkitpro/devkitppc/bin/../lib/gcc/powerpc-gekko/4.2.4/crtbegin.o
 .rela.text.__console_init
                0x00000000        0x0 c:/devkitpro/devkitppc/bin/../lib/gcc/powerpc-gekko/4.2.4/crtbegin.o
 .rela.text.__sram_sync
                0x00000000        0x0 c:/devkitpro/devkitppc/bin/../lib/gcc/powerpc-gekko/4.2.4/crtbegin.o
 .rela.text.__locksram
                0x00000000        0x0 c:/devkitpro/devkitppc/bin/../lib/gcc/powerpc-gekko/4.2.4/crtbegin.o
 .rela.text.__sram_init
                0x00000000        0x0 c:/devkitpro/devkitppc/bin/../lib/gcc/powerpc-gekko/4.2.4/crtbegin.o
 .rela.text.SYS_Init
                0x00000000        0x0 c:/devkitpro/devkitppc/bin/../lib/gcc/powerpc-gekko/4.2.4/crtbegin.o
 .rela.text.__unlocksram
                0x00000000        0x0 c:/devkitpro/devkitppc/bin/../lib/gcc/powerpc-gekko/4.2.4/crtbegin.o
 .rela.text.__sram_writecallback
                0x00000000        0x0 c:/devkitpro/devkitppc/bin/../lib/gcc/powerpc-gekko/4.2.4/crtbegin.o
 .rela.text.SYS_CancelAlarm
                0x00000000        0x0 c:/devkitpro/devkitppc/bin/../lib/gcc/powerpc-gekko/4.2.4/crtbegin.o
 .rela.text.SYS_RemoveAlarm
                0x00000000        0x0 c:/devkitpro/devkitppc/bin/../lib/gcc/powerpc-gekko/4.2.4/crtbegin.o
 .rela.text.SYS_SetAlarm
                0x00000000        0x0 c:/devkitpro/devkitppc/bin/../lib/gcc/powerpc-gekko/4.2.4/crtbegin.o
 .rela.text.__sys_alarmhandler
                0x00000000        0x0 c:/devkitpro/devkitppc/bin/../lib/gcc/powerpc-gekko/4.2.4/crtbegin.o
 .rela.text.SYS_SetPeriodicAlarm
                0x00000000        0x0 c:/devkitpro/devkitppc/bin/../lib/gcc/powerpc-gekko/4.2.4/crtbegin.o
 .rela.text.__lwp_cond_init
                0x00000000        0x0 c:/devkitpro/devkitppc/bin/../lib/gcc/powerpc-gekko/4.2.4/crtbegin.o
 .rela.text.LWP_CondDestroy
                0x00000000        0x0 c:/devkitpro/devkitppc/bin/../lib/gcc/powerpc-gekko/4.2.4/crtbegin.o
 .rela.text.LWP_CondInit
                0x00000000        0x0 c:/devkitpro/devkitppc/bin/../lib/gcc/powerpc-gekko/4.2.4/crtbegin.o
 .rela.text.__lwp_cond_signalsupp
                0x00000000        0x0 c:/devkitpro/devkitppc/bin/../lib/gcc/powerpc-gekko/4.2.4/crtbegin.o
 .rela.text.__lwp_cond_waitsupp
                0x00000000        0x0 c:/devkitpro/devkitppc/bin/../lib/gcc/powerpc-gekko/4.2.4/crtbegin.o
 .rela.text.c_decrementer_handler
                0x00000000        0x0 c:/devkitpro/devkitppc/bin/../lib/gcc/powerpc-gekko/4.2.4/crtbegin.o
 .rela.text.__lwp_mqbox_init
                0x00000000        0x0 c:/devkitpro/devkitppc/bin/../lib/gcc/powerpc-gekko/4.2.4/crtbegin.o
 .rela.text.MQ_Close
                0x00000000        0x0 c:/devkitpro/devkitppc/bin/../lib/gcc/powerpc-gekko/4.2.4/crtbegin.o
 .rela.text.MQ_Init
                0x00000000        0x0 c:/devkitpro/devkitppc/bin/../lib/gcc/powerpc-gekko/4.2.4/crtbegin.o
 .rela.text.MQ_Jam
                0x00000000        0x0 c:/devkitpro/devkitppc/bin/../lib/gcc/powerpc-gekko/4.2.4/crtbegin.o
 .rela.text.MQ_Receive
                0x00000000        0x0 c:/devkitpro/devkitppc/bin/../lib/gcc/powerpc-gekko/4.2.4/crtbegin.o
 .rela.text.MQ_Send
                0x00000000        0x0 c:/devkitpro/devkitppc/bin/../lib/gcc/powerpc-gekko/4.2.4/crtbegin.o
 .rela.text.__ios_ioctlvformat_parse
                0x00000000        0x0 c:/devkitpro/devkitppc/bin/../lib/gcc/powerpc-gekko/4.2.4/crtbegin.o
 .rela.text.__ioctlvfmtCB
                0x00000000        0x0 c:/devkitpro/devkitppc/bin/../lib/gcc/powerpc-gekko/4.2.4/crtbegin.o
 .rela.text.IOS_IoctlvFormatAsync
                0x00000000        0x0 c:/devkitpro/devkitppc/bin/../lib/gcc/powerpc-gekko/4.2.4/crtbegin.o
 .rela.text.IOS_IoctlvFormat
                0x00000000        0x0 c:/devkitpro/devkitppc/bin/../lib/gcc/powerpc-gekko/4.2.4/crtbegin.o
 .rela.text.nanosleep
                0x00000000        0x0 c:/devkitpro/devkitppc/bin/../lib/gcc/powerpc-gekko/4.2.4/crtbegin.o
 .rela.text.__libc_init
                0x00000000        0x0 c:/devkitpro/devkitppc/bin/../lib/gcc/powerpc-gekko/4.2.4/crtbegin.o
 .rela.text.__libc_wrapup
                0x00000000        0x0 c:/devkitpro/devkitppc/bin/../lib/gcc/powerpc-gekko/4.2.4/crtbegin.o
 .rela.text.__libc_delete_hook
                0x00000000        0x0 c:/devkitpro/devkitppc/bin/../lib/gcc/powerpc-gekko/4.2.4/crtbegin.o
 .rela.text.__CheckARGV
                0x00000000        0x0 c:/devkitpro/devkitppc/bin/../lib/gcc/powerpc-gekko/4.2.4/crtbegin.o
 .rela.text.__lwp_priority_init
                0x00000000        0x0 c:/devkitpro/devkitppc/bin/../lib/gcc/powerpc-gekko/4.2.4/crtbegin.o
 .rela.text.__lwp_threadqueue_extractpriority
                0x00000000        0x0 c:/devkitpro/devkitppc/bin/../lib/gcc/powerpc-gekko/4.2.4/crtbegin.o
 .rela.text.__lwp_threadqueue_extractfifo
                0x00000000        0x0 c:/devkitpro/devkitppc/bin/../lib/gcc/powerpc-gekko/4.2.4/crtbegin.o
 .rela.text.__lwp_threadqueue_dequeuepriority
                0x00000000        0x0 c:/devkitpro/devkitppc/bin/../lib/gcc/powerpc-gekko/4.2.4/crtbegin.o
 .rela.text.__lwp_threadqueue_enqueuepriority
                0x00000000        0x0 c:/devkitpro/devkitppc/bin/../lib/gcc/powerpc-gekko/4.2.4/crtbegin.o
 .rela.text.__lwp_threadqueue_dequeuefifo
                0x00000000        0x0 c:/devkitpro/devkitppc/bin/../lib/gcc/powerpc-gekko/4.2.4/crtbegin.o
 .rela.text.__lwp_threadqueue_enqueuefifo
                0x00000000        0x0 c:/devkitpro/devkitppc/bin/../lib/gcc/powerpc-gekko/4.2.4/crtbegin.o
 .rela.text.__lwp_threadqueue_enqueue
                0x00000000        0x0 c:/devkitpro/devkitppc/bin/../lib/gcc/powerpc-gekko/4.2.4/crtbegin.o
 .rela.text.__lwp_rotate_readyqueue
                0x00000000        0x0 c:/devkitpro/devkitppc/bin/../lib/gcc/powerpc-gekko/4.2.4/crtbegin.o
 .rela.text.__lwp_thread_setstate
                0x00000000        0x0 c:/devkitpro/devkitppc/bin/../lib/gcc/powerpc-gekko/4.2.4/crtbegin.o
 .rela.text.__lwp_thread_setpriority
                0x00000000        0x0 c:/devkitpro/devkitppc/bin/../lib/gcc/powerpc-gekko/4.2.4/crtbegin.o
 .rela.text.__lwp_thread_ready
                0x00000000        0x0 c:/devkitpro/devkitppc/bin/../lib/gcc/powerpc-gekko/4.2.4/crtbegin.o
 .rela.text.__lwp_thread_close
                0x00000000        0x0 c:/devkitpro/devkitppc/bin/../lib/gcc/powerpc-gekko/4.2.4/crtbegin.o
 .rela.text.__lwp_thread_stopmultitasking
                0x00000000        0x0 c:/devkitpro/devkitppc/bin/../lib/gcc/powerpc-gekko/4.2.4/crtbegin.o
 .rela.text.__lwp_thread_startmultitasking
                0x00000000        0x0 c:/devkitpro/devkitppc/bin/../lib/gcc/powerpc-gekko/4.2.4/crtbegin.o
 .rela.text.__lwp_thread_closeall
                0x00000000        0x0 c:/devkitpro/devkitppc/bin/../lib/gcc/powerpc-gekko/4.2.4/crtbegin.o
 .rela.text.__lwp_thread_changepriority
                0x00000000        0x0 c:/devkitpro/devkitppc/bin/../lib/gcc/powerpc-gekko/4.2.4/crtbegin.o
 .rela.text.__lwp_thread_coreinit
                0x00000000        0x0 c:/devkitpro/devkitppc/bin/../lib/gcc/powerpc-gekko/4.2.4/crtbegin.o
 .rela.text.__lwp_thread_suspend
                0x00000000        0x0 c:/devkitpro/devkitppc/bin/../lib/gcc/powerpc-gekko/4.2.4/crtbegin.o
 .rela.text.__lwpmq_close
                0x00000000        0x0 c:/devkitpro/devkitppc/bin/../lib/gcc/powerpc-gekko/4.2.4/crtbegin.o
 .rela.text.__lwpmq_initialize
                0x00000000        0x0 c:/devkitpro/devkitppc/bin/../lib/gcc/powerpc-gekko/4.2.4/crtbegin.o
 .rela.text.__lwp_thread_context
                0x00000000        0x0 c:/devkitpro/devkitppc/bin/../lib/gcc/powerpc-gekko/4.2.4/crtbegin.o
 .rela.text.__lwp_thread_exists
                0x00000000        0x0 c:/devkitpro/devkitppc/bin/../lib/gcc/powerpc-gekko/4.2.4/crtbegin.o
 .rela.text.__lwp_thread_isalive
                0x00000000        0x0 c:/devkitpro/devkitppc/bin/../lib/gcc/powerpc-gekko/4.2.4/crtbegin.o
 .rela.text.__lwp_sysinit
                0x00000000        0x0 c:/devkitpro/devkitppc/bin/../lib/gcc/powerpc-gekko/4.2.4/crtbegin.o
 .rela.text.LWP_ThreadSignal
                0x00000000        0x0 c:/devkitpro/devkitppc/bin/../lib/gcc/powerpc-gekko/4.2.4/crtbegin.o
 .rela.text.LWP_ThreadBroadcast
                0x00000000        0x0 c:/devkitpro/devkitppc/bin/../lib/gcc/powerpc-gekko/4.2.4/crtbegin.o
 .rela.text.LWP_ThreadSleep
                0x00000000        0x0 c:/devkitpro/devkitppc/bin/../lib/gcc/powerpc-gekko/4.2.4/crtbegin.o
 .rela.text.LWP_CloseQueue
                0x00000000        0x0 c:/devkitpro/devkitppc/bin/../lib/gcc/powerpc-gekko/4.2.4/crtbegin.o
 .rela.text.LWP_InitQueue
                0x00000000        0x0 c:/devkitpro/devkitppc/bin/../lib/gcc/powerpc-gekko/4.2.4/crtbegin.o
 .rela.text.LWP_JoinThread
                0x00000000        0x0 c:/devkitpro/devkitppc/bin/../lib/gcc/powerpc-gekko/4.2.4/crtbegin.o
 .rela.text.LWP_ThreadIsSuspended
                0x00000000        0x0 c:/devkitpro/devkitppc/bin/../lib/gcc/powerpc-gekko/4.2.4/crtbegin.o
 .rela.text.LWP_SetThreadPriority
                0x00000000        0x0 c:/devkitpro/devkitppc/bin/../lib/gcc/powerpc-gekko/4.2.4/crtbegin.o
 .rela.text.LWP_ResumeThread
                0x00000000        0x0 c:/devkitpro/devkitppc/bin/../lib/gcc/powerpc-gekko/4.2.4/crtbegin.o
 .rela.text.LWP_SuspendThread
                0x00000000        0x0 c:/devkitpro/devkitppc/bin/../lib/gcc/powerpc-gekko/4.2.4/crtbegin.o
 .rela.text.LWP_CreateThread
                0x00000000        0x0 c:/devkitpro/devkitppc/bin/../lib/gcc/powerpc-gekko/4.2.4/crtbegin.o
 .rela.text.__lwp_stack_free
                0x00000000        0x0 c:/devkitpro/devkitppc/bin/../lib/gcc/powerpc-gekko/4.2.4/crtbegin.o
 .rela.text.__lwp_stack_allocate
                0x00000000        0x0 c:/devkitpro/devkitppc/bin/../lib/gcc/powerpc-gekko/4.2.4/crtbegin.o
 .rela.text.__lwp_watchdog_init
                0x00000000        0x0 c:/devkitpro/devkitppc/bin/../lib/gcc/powerpc-gekko/4.2.4/crtbegin.o
 .rela.text.__lwp_wd_tickle
                0x00000000        0x0 c:/devkitpro/devkitppc/bin/../lib/gcc/powerpc-gekko/4.2.4/crtbegin.o
 .rela.text.__lwp_wkspace_init
                0x00000000        0x0 c:/devkitpro/devkitppc/bin/../lib/gcc/powerpc-gekko/4.2.4/crtbegin.o
 .rela.text.__lwp_wkspace_heapused
                0x00000000        0x0 c:/devkitpro/devkitppc/bin/../lib/gcc/powerpc-gekko/4.2.4/crtbegin.o
 .rela.text.__lwp_wkspace_heapfree
                0x00000000        0x0 c:/devkitpro/devkitppc/bin/../lib/gcc/powerpc-gekko/4.2.4/crtbegin.o
 .rela.text.__lwp_objmgr_initinfo
                0x00000000        0x0 c:/devkitpro/devkitppc/bin/../lib/gcc/powerpc-gekko/4.2.4/crtbegin.o
 .rela.text.__exception_sethandler
                0x00000000        0x0 c:/devkitpro/devkitppc/bin/../lib/gcc/powerpc-gekko/4.2.4/crtbegin.o
 .rela.text.__exception_init
                0x00000000        0x0 c:/devkitpro/devkitppc/bin/../lib/gcc/powerpc-gekko/4.2.4/crtbegin.o
 .rela.text.__systemcall_init
                0x00000000        0x0 c:/devkitpro/devkitppc/bin/../lib/gcc/powerpc-gekko/4.2.4/crtbegin.o
 .rela.text.__irq_init
                0x00000000        0x0 c:/devkitpro/devkitppc/bin/../lib/gcc/powerpc-gekko/4.2.4/crtbegin.o
 .rela.text.__lwp_sema_init
                0x00000000        0x0 c:/devkitpro/devkitppc/bin/../lib/gcc/powerpc-gekko/4.2.4/crtbegin.o
 .rela.text.LWP_SemInit
                0x00000000        0x0 c:/devkitpro/devkitppc/bin/../lib/gcc/powerpc-gekko/4.2.4/crtbegin.o
 .rela.text.LWP_SemDestroy
                0x00000000        0x0 c:/devkitpro/devkitppc/bin/../lib/gcc/powerpc-gekko/4.2.4/crtbegin.o
 .rela.text.LWP_SemPost
                0x00000000        0x0 c:/devkitpro/devkitppc/bin/../lib/gcc/powerpc-gekko/4.2.4/crtbegin.o
 .rela.text.LWP_SemWait
                0x00000000        0x0 c:/devkitpro/devkitppc/bin/../lib/gcc/powerpc-gekko/4.2.4/crtbegin.o
 .rela.text.__lwp_mutex_init
                0x00000000        0x0 c:/devkitpro/devkitppc/bin/../lib/gcc/powerpc-gekko/4.2.4/crtbegin.o
 .rela.text.LWP_MutexDestroy
                0x00000000        0x0 c:/devkitpro/devkitppc/bin/../lib/gcc/powerpc-gekko/4.2.4/crtbegin.o
 .rela.text.LWP_MutexUnlock
                0x00000000        0x0 c:/devkitpro/devkitppc/bin/../lib/gcc/powerpc-gekko/4.2.4/crtbegin.o
 .rela.text.__lwp_mutex_locksupp
                0x00000000        0x0 c:/devkitpro/devkitppc/bin/../lib/gcc/powerpc-gekko/4.2.4/crtbegin.o
 .rela.text.LWP_MutexInit
                0x00000000        0x0 c:/devkitpro/devkitppc/bin/../lib/gcc/powerpc-gekko/4.2.4/crtbegin.o
 .rela.text.kprintf
                0x00000000        0x0 c:/devkitpro/devkitppc/bin/../lib/gcc/powerpc-gekko/4.2.4/crtbegin.o

.rel.fini
 *(.rel.fini)

.rela.fini
 *(.rela.fini)

.rel.rodata
 *(.rel.rodata .rel.rodata.* .rel.gnu.linkonce.r.*)

.rela.rodata
 *(.rela.rodata .rela.rodata.* .rela.gnu.linkonce.r.*)

.rel.data
 *(.rel.data .rel.data.* .rel.gnu.linkonce.d.*)

.rela.data
 *(.rela.data .rela.data.* .rela.gnu.linkonce.d.*)

.rel.tdata
 *(.rel.tdata .rel.tdata.* .rel.gnu.linkonce.td.*)

.rela.tdata
 *(.rela.tdata .rela.tdata.* .rela.gnu.linkonce.td.*)

.rel.tbss
 *(.rel.tbss .rel.tbss.* .rel.gnu.linkonce.tb.*)

.rela.tbss
 *(.rela.tbss .rela.tbss.* .rela.gnu.linkonce.tb.*)

.rel.ctors
 *(.rel.ctors)

.rela.ctors
 *(.rela.ctors)

.rel.dtors
 *(.rel.dtors)

.rela.dtors
 *(.rela.dtors)

.rel.got
 *(.rel.got)

.rela.got
 *(.rela.got)

.rela.got1
 *(.rela.got1)

.rela.got2      0x80004208        0x0
 *(.rela.got2)
 .rela.got2     0x00000000        0x0 c:/devkitpro/devkitppc/bin/../lib/gcc/powerpc-gekko/4.2.4/crtbegin.o

.rel.sdata
 *(.rel.sdata .rel.sdata.* .rel.gnu.linkonce.s.*)

.rela.sdata
 *(.rela.sdata .rela.sdata.* .rela.gnu.linkonce.s.*)

.rel.sbss
 *(.rel.sbss .rel.sbss.* .rel.gnu.linkonce.sb.*)

.rela.sbss
 *(.rela.sbss .rela.sbss.* .rel.gnu.linkonce.sb.*)

.rel.sdata2
 *(.rel.sdata2 .rel.sdata2.* .rel.gnu.linkonce.s2.*)

.rela.sdata2    0x80004208        0x0
 *(.rela.sdata2 .rela.sdata2.* .rela.gnu.linkonce.s2.*)
 .rela.sdata2.__sys_inIPL
                0x00000000        0x0 c:/devkitpro/devkitppc/bin/../lib/gcc/powerpc-gekko/4.2.4/crtbegin.o

.rel.sbss2
 *(.rel.sbss2 .rel.sbss2.* .rel.gnu.linkonce.sb2.*)

.rela.sbss2
 *(.rela.sbss2 .rela.sbss2.* .rela.gnu.linkonce.sb2.*)

.rel.bss
 *(.rel.bss .rel.bss.* .rel.gnu.linkonce.b.*)

.rela.bss
 *(.rela.bss .rela.bss.* .rela.gnu.linkonce.b.*)

.rel.plt
 *(.rel.plt)

.rela.plt
 *(.rela.plt)

.text           0x80004220    0x1f780
 *(.text)
 .text          0x80004220      0x140 c:/devkitpro/devkitppc/bin/../lib/gcc/powerpc-gekko/4.2.4/crtbegin.o
 .text          0x80004360       0x48 c:/devkitpro/devkitppc/bin/../lib/gcc/powerpc-gekko/4.2.4/../../../../powerpc-gekko/lib/crtmain.o
                0x80004364                __crtmain
 .text          0x800043a8      0x5c4 c:/devkitPro/libogc/lib/wii\libogc.a(system_asm.o)
                0x80004440                __configMEM1_48Mb
                0x800048cc                __reset
                0x800043a8                __realmode
                0x800047b0                __CacheInit
                0x800045a0                __configMEM2_64Mb
                0x80004814                __SystemInit
                0x800046fc                __configMEM2_128Mb
                0x800043c0                __configMEM1_24Mb
                0x80004778                __PSInit
                0x800044c0                __configMEM2_56Mb
                0x8000461c                __configMEM2_112Mb
                0x80004898                __flush_cache
                0x8000493c                SYS_SwitchFiber
 *fill*         0x8000496c       0x14 00000000
 .text          0x80004980      0x4ec c:/devkitPro/libogc/lib/wii\libogc.a(lwp_handler.o)
                0x80004ac0                _cpu_context_restore_fp
                0x80004d80                _cpu_context_save
                0x80004980                _cpu_context_save_fp
                0x80004c00                _cpu_context_switch
                0x80004e00                _cpu_context_restore
 .text          0x80004e6c      0x1b0 c:/devkitPro/libogc/lib/wii\libogc.a(irq_handler.o)
                0x80004e6c                irq_exceptionhandler
 .text          0x8000501c      0x4d8 c:/devkitPro/libogc/lib/wii\libogc.a(cache_asm.o)
                0x800052f8                L2Disable
                0x80005080                DCBlockZero
                0x80005138                DCFlushRangeNoSync
                0x8000528c                ICBlockInvalidate
                0x8000501c                DCFlashInvalidate
                0x80005088                DCBlockStore
                0x80005198                DCZeroRange
                0x800054ac                LCLoadBlocks
                0x80005078                DCTouchLoad
                0x8000546c                LCAllocTags
                0x80005254                ICDisable
                0x80005240                ICEnable
                0x80005310                L2GlobalInvalidate
                0x800054d0                LCStoreBlocks
                0x80005230                ICFlashInvalidate
                0x800051c8                DCTouchRange
                0x80005168                DCStoreRangeNoSync
                0x80005268                ICFreeze
                0x80005040                DCDisable
                0x80005090                DCBlockFlush
                0x8000502c                DCEnable
                0x800052e4                L2Enable
                0x80005368                __LCEnable
                0x800050a0                DCInvalidateRange
                0x80005458                LCAllocOneTag
                0x80005068                DCUnfreeze
                0x800051f8                ICInvalidateRange
                0x800050d0                DCFlushRange
                0x80005294                ICSync
                0x80005098                DCBlockInvalidate
                0x80005054                DCFreeze
                0x8000529c                L2Init
                0x8000527c                ICUnfreeze
                0x80005104                DCStoreRange
                0x80005430                LCDisable
 .text          0x800054f4      0x1b0 c:/devkitPro/libogc/lib/wii\libogc.a(decrementer_handler.o)
                0x800054f4                dec_exceptionhandler
 .text          0x800056a4      0x34c c:/devkitPro/libogc/lib/wii\libogc.a(exception_handler.o)
                0x800056a4                exceptionhandler_start
                0x80005758                default_exceptionhandler
                0x800059ec                systemcallhandler_end
                0x800059d0                systemcallhandler_start
                0x80005754                exceptionhandler_end
                0x80005720                exceptionhandler_patch
                0x80005898                fpu_exceptionhandler
 .text          0x800059f0      0x408 c:/devkitpro/devkitppc/bin/../lib/gcc/powerpc-gekko/4.2.4\libgcc.a(_udivdi3.o)
                0x800059f0                __udivdi3
 .text          0x80005df8       0x28 c:/devkitpro/devkitppc/bin/../lib/gcc/powerpc-gekko/4.2.4/../../../../powerpc-gekko/lib\libsysbase.a(abort.o)
                0x80005df8                abort
 .text          0x80005e20      0x2c4 c:/devkitpro/devkitppc/bin/../lib/gcc/powerpc-gekko/4.2.4/../../../../powerpc-gekko/lib\libsysbase.a(iosupport.o)
                0x80006094                RemoveDevice
                0x80005e20                setDefaultDevice
                0x80005e38                AddDevice
                0x80006050                GetDeviceOpTab
                0x80005f60                FindDevice
 .text          0x800060e4       0x28 c:/devkitpro/devkitppc/bin/../lib/gcc/powerpc-gekko/4.2.4/../../../../powerpc-gekko/lib\libsysbase.a(_exit.o)
                0x800060e4                _exit
 .text          0x8000610c       0x9c c:/devkitpro/devkitppc/bin/../lib/gcc/powerpc-gekko/4.2.4/../../../../powerpc-gekko/lib\libsysbase.a(build_argv.o)
                0x8000610c                build_argv
 .text          0x800061a8      0x168 c:/devkitpro/devkitppc/bin/../lib/gcc/powerpc-gekko/4.2.4/../../../../powerpc-gekko/lib\libsysbase.a(syscall_support.o)
                0x800062dc                __malloc_unlock
                0x80006228                __libc_lock_release
                0x800061a8                __libc_lock_init
                0x800062a8                __malloc_lock
                0x800061e8                __libc_lock_close
                0x80006268                __libc_lock_acquire
 .text          0x80006310       0x34 c:/devkitpro/devkitppc/bin/../lib/gcc/powerpc-gekko/4.2.4/../../../../powerpc-gekko/lib\libc.a(lib_a-calloc.o)
                0x80006310                calloc
 .text          0x80006344       0xd0 c:/devkitpro/devkitppc/bin/../lib/gcc/powerpc-gekko/4.2.4/../../../../powerpc-gekko/lib\libc.a(lib_a-callocr.o)
                0x80006344                _calloc_r
 .text          0x80006414       0x40 c:/devkitpro/devkitppc/bin/../lib/gcc/powerpc-gekko/4.2.4/../../../../powerpc-gekko/lib\libc.a(lib_a-exit.o)
                0x80006414                exit
 .text          0x80006454      0x3f8 c:/devkitpro/devkitppc/bin/../lib/gcc/powerpc-gekko/4.2.4/../../../../powerpc-gekko/lib\libc.a(lib_a-freer.o)
                0x80006570                _free_r
                0x80006454                _malloc_trim_r
 .text          0x8000684c       0x34 c:/devkitpro/devkitppc/bin/../lib/gcc/powerpc-gekko/4.2.4/../../../../powerpc-gekko/lib\libc.a(lib_a-malign.o)
                0x8000684c                memalign
 .text          0x80006880      0x1b0 c:/devkitpro/devkitppc/bin/../lib/gcc/powerpc-gekko/4.2.4/../../../../powerpc-gekko/lib\libc.a(lib_a-malignr.o)
                0x80006880                _memalign_r
 .text          0x80006a30       0x58 c:/devkitpro/devkitppc/bin/../lib/gcc/powerpc-gekko/4.2.4/../../../../powerpc-gekko/lib\libc.a(lib_a-malloc.o)
                0x80006a5c                malloc
                0x80006a30                free
 .text          0x80006a88      0x86c c:/devkitpro/devkitppc/bin/../lib/gcc/powerpc-gekko/4.2.4/../../../../powerpc-gekko/lib\libc.a(lib_a-mallocr.o)
                0x80006a88                _malloc_r
 .text          0x800072f4       0x8c c:/devkitpro/devkitppc/bin/../lib/gcc/powerpc-gekko/4.2.4/../../../../powerpc-gekko/lib\libc.a(lib_a-memcmp.o)
                0x800072f4                memcmp
 .text          0x80007380       0xc8 c:/devkitpro/devkitppc/bin/../lib/gcc/powerpc-gekko/4.2.4/../../../../powerpc-gekko/lib\libc.a(lib_a-memcpy.o)
                0x80007380                memcpy
 .text          0x80007448      0x104 c:/devkitpro/devkitppc/bin/../lib/gcc/powerpc-gekko/4.2.4/../../../../powerpc-gekko/lib\libc.a(lib_a-memmove.o)
                0x80007448                memmove
 .text          0x8000754c       0xac c:/devkitpro/devkitppc/bin/../lib/gcc/powerpc-gekko/4.2.4/../../../../powerpc-gekko/lib\libc.a(lib_a-memset.o)
                0x8000754c                memset
 .text          0x800075f8      0x124 c:/devkitpro/devkitppc/bin/../lib/gcc/powerpc-gekko/4.2.4/../../../../powerpc-gekko/lib\libc.a(lib_a-printf.o)
                0x800075f8                printf
                0x80007690                _printf_r
 .text          0x8000771c       0xa8 c:/devkitpro/devkitppc/bin/../lib/gcc/powerpc-gekko/4.2.4/../../../../powerpc-gekko/lib\libc.a(lib_a-puts.o)
                0x8000771c                _puts_r
                0x800077b4                puts
 .text          0x800077c4      0x248 c:/devkitpro/devkitppc/bin/../lib/gcc/powerpc-gekko/4.2.4/../../../../powerpc-gekko/lib\libc.a(lib_a-reent.o)
                0x80007884                cleanup_glue
                0x800078d4                _reclaim_reent
                0x800077c4                _wrapup_reent
 .text          0x80007a0c      0x2cc c:/devkitpro/devkitppc/bin/../lib/gcc/powerpc-gekko/4.2.4/../../../../powerpc-gekko/lib\libc.a(lib_a-setvbuf.o)
                0x80007a0c                setvbuf
 .text          0x80007cd8       0xf0 c:/devkitpro/devkitppc/bin/../lib/gcc/powerpc-gekko/4.2.4/../../../../powerpc-gekko/lib\libc.a(lib_a-strchr.o)
                0x80007cd8                strchr
 .text          0x80007dc8       0xc0 c:/devkitpro/devkitppc/bin/../lib/gcc/powerpc-gekko/4.2.4/../../../../powerpc-gekko/lib\libc.a(lib_a-strcmp.o)
                0x80007dc8                strcmp
 .text          0x80007e88       0x74 c:/devkitpro/devkitppc/bin/../lib/gcc/powerpc-gekko/4.2.4/../../../../powerpc-gekko/lib\libc.a(lib_a-strcpy.o)
                0x80007e88                strcpy
 .text          0x80007efc       0x64 c:/devkitpro/devkitppc/bin/../lib/gcc/powerpc-gekko/4.2.4/../../../../powerpc-gekko/lib\libc.a(lib_a-strlen.o)
                0x80007efc                strlen
 .text          0x80007f60      0x144 c:/devkitpro/devkitppc/bin/../lib/gcc/powerpc-gekko/4.2.4/../../../../powerpc-gekko/lib\libc.a(lib_a-strncmp.o)
                0x80007f60                strncmp
 .text          0x800080a4       0x44 c:/devkitpro/devkitppc/bin/../lib/gcc/powerpc-gekko/4.2.4/../../../../powerpc-gekko/lib\libc.a(lib_a-strnlen.o)
                0x800080a4                strnlen
 .text          0x800080e8      0x1ec c:/devkitpro/devkitppc/bin/../lib/gcc/powerpc-gekko/4.2.4/../../../../powerpc-gekko/lib\libc.a(lib_a-strtoul.o)
                0x800082b4                strtoul
                0x800080e8                _strtoul_r
 .text          0x800082d4      0x288 c:/devkitpro/devkitppc/bin/../lib/gcc/powerpc-gekko/4.2.4/../../../../powerpc-gekko/lib\libc.a(lib_a-strtoull_r.o)
                0x800082d4                _strtoull_r
 .text          0x8000855c       0x3c c:/devkitpro/devkitppc/bin/../lib/gcc/powerpc-gekko/4.2.4/../../../../powerpc-gekko/lib\libc.a(lib_a-syswrite.o)
                0x8000855c                write
 .text          0x80008598     0x2344 c:/devkitpro/devkitppc/bin/../lib/gcc/powerpc-gekko/4.2.4/../../../../powerpc-gekko/lib\libc.a(lib_a-vfprintf.o)
                0x800085f8                _vfprintf_r
                0x8000a8bc                vfprintf
 .text          0x8000a8dc       0xa4 c:/devkitpro/devkitppc/bin/../lib/gcc/powerpc-gekko/4.2.4/../../../../powerpc-gekko/lib\libc.a(lib_a-wcrtomb.o)
                0x8000a8dc                _wcrtomb_r
                0x8000a960                wcrtomb
 .text          0x8000a980      0x1d8 c:/devkitpro/devkitppc/bin/../lib/gcc/powerpc-gekko/4.2.4/../../../../powerpc-gekko/lib\libc.a(lib_a-wcsrtombs.o)
                0x8000a980                _wcsrtombs_r
                0x8000ab30                wcsrtombs
 .text          0x8000ab58      0x464 c:/devkitpro/devkitppc/bin/../lib/gcc/powerpc-gekko/4.2.4/../../../../powerpc-gekko/lib\libc.a(lib_a-wctomb_r.o)
                0x8000ab58                _wctomb_r
 .text          0x8000afbc      0x178 c:/devkitpro/devkitppc/bin/../lib/gcc/powerpc-gekko/4.2.4/../../../../powerpc-gekko/lib\libc.a(lib_a-wsetup.o)
                0x8000afbc                __swsetup_r
 .text          0x8000b134      0x1ac c:/devkitpro/devkitppc/bin/../lib/gcc/powerpc-gekko/4.2.4/../../../../powerpc-gekko/lib\libc.a(lib_a-__call_atexit.o)
                0x8000b134                __call_exitprocs
 .text          0x8000b2e0     0x1390 c:/devkitpro/devkitppc/bin/../lib/gcc/powerpc-gekko/4.2.4/../../../../powerpc-gekko/lib\libc.a(lib_a-dtoa.o)
                0x8000b51c                _dtoa_r
 .text          0x8000c670      0x350 c:/devkitpro/devkitppc/bin/../lib/gcc/powerpc-gekko/4.2.4/../../../../powerpc-gekko/lib\libc.a(lib_a-fflush.o)
                0x8000c970                fflush
                0x8000c670                _fflush_r
 .text          0x8000c9c0      0x4ac c:/devkitpro/devkitppc/bin/../lib/gcc/powerpc-gekko/4.2.4/../../../../powerpc-gekko/lib\libc.a(lib_a-findfp.o)
                0x8000cbac                __sinit
                0x8000cccc                __sfmoreglue
                0x8000c9e8                _cleanup
                0x8000c9c0                _cleanup_r
                0x8000cc98                __fp_lock_all
                0x8000cc48                __sfp_lock_acquire
                0x8000cd44                __sfp
                0x8000ca54                __sinit_lock_release
                0x8000caa8                __fp_unlock_all
                0x8000ca7c                __sfp_lock_release
                0x8000cb60                __sinit_lock_acquire
 .text          0x8000ce6c      0x528 c:/devkitpro/devkitppc/bin/../lib/gcc/powerpc-gekko/4.2.4/../../../../powerpc-gekko/lib\libc.a(lib_a-fvwrite.o)
                0x8000ce6c                __sfvwrite_r
 .text          0x8000d394      0x20c c:/devkitpro/devkitppc/bin/../lib/gcc/powerpc-gekko/4.2.4/../../../../powerpc-gekko/lib\libc.a(lib_a-fwalk.o)
                0x8000d4a0                _fwalk
                0x8000d394                _fwalk_reent
 .text          0x8000d5a0      0x4c4 c:/devkitpro/devkitppc/bin/../lib/gcc/powerpc-gekko/4.2.4/../../../../powerpc-gekko/lib\libc.a(lib_a-locale.o)
                0x8000d5c4                _setlocale_r
                0x8000d5a0                __locale_charset
                0x8000d5ac                _localeconv_r
                0x8000da4c                setlocale
                0x8000d5b8                localeconv
 .text          0x8000da64      0x1bc c:/devkitpro/devkitppc/bin/../lib/gcc/powerpc-gekko/4.2.4/../../../../powerpc-gekko/lib\libc.a(lib_a-makebuf.o)
                0x8000da64                __smakebuf_r
 .text          0x8000dc20      0x9a8 c:/devkitpro/devkitppc/bin/../lib/gcc/powerpc-gekko/4.2.4/../../../../powerpc-gekko/lib\libc.a(lib_a-mbtowc_r.o)
                0x8000dc20                _mbtowc_r
 .text          0x8000e5c8       0xf4 c:/devkitpro/devkitppc/bin/../lib/gcc/powerpc-gekko/4.2.4/../../../../powerpc-gekko/lib\libc.a(lib_a-memchr.o)
                0x8000e5c8                memchr
 .text          0x8000e6bc     0x1114 c:/devkitpro/devkitppc/bin/../lib/gcc/powerpc-gekko/4.2.4/../../../../powerpc-gekko/lib\libc.a(lib_a-mprec.o)
                0x8000eb24                _mprec_log10
                0x8000ebc8                __any_on
                0x8000ec68                _Balloc
                0x8000ea60                __ratio
                0x8000f428                __i2b
                0x8000e910                __b2d
                0x8000f6a8                __s2b
                0x8000e810                __mcmp
                0x8000e6e0                __hi0bits
                0x8000f57c                __pow5mult
                0x8000f08c                __lshift
                0x8000f1f4                __multiply
                0x8000ed38                __d2b
                0x8000eb60                __copybits
                0x8000e870                __ulp
                0x8000eee0                __mdiff
                0x8000e74c                __lo0bits
                0x8000f464                __multadd
                0x8000e6bc                _Bfree
 .text          0x8000f7d0      0x668 c:/devkitpro/devkitppc/bin/../lib/gcc/powerpc-gekko/4.2.4/../../../../powerpc-gekko/lib\libc.a(lib_a-reallocr.o)
                0x8000f7d0                _realloc_r
 .text          0x8000fe38       0x44 c:/devkitpro/devkitppc/bin/../lib/gcc/powerpc-gekko/4.2.4/../../../../powerpc-gekko/lib\libc.a(lib_a-s_isinfd.o)
                0x8000fe38                __isinfd
 .text          0x8000fe7c       0x38 c:/devkitpro/devkitppc/bin/../lib/gcc/powerpc-gekko/4.2.4/../../../../powerpc-gekko/lib\libc.a(lib_a-s_isnand.o)
                0x8000fe7c                __isnand
 .text          0x8000feb4      0x184 c:/devkitpro/devkitppc/bin/../lib/gcc/powerpc-gekko/4.2.4/../../../../powerpc-gekko/lib\libc.a(lib_a-stdio.o)
                0x8000fed8                __sseek
                0x8000ffd4                __sread
                0x8000feb4                __sclose
                0x8000ff48                __swrite
 .text          0x80010038      0x188 c:/devkitpro/devkitppc/bin/../lib/gcc/powerpc-gekko/4.2.4/../../../../powerpc-gekko/lib\libc.a(lib_a-fclose.o)
                0x80010038                _fclose_r
                0x800101b0                fclose
 .text          0x800101c0       0xa0 c:/devkitpro/devkitppc/bin/../lib/gcc/powerpc-gekko/4.2.4/../../../../powerpc-gekko/lib\libsysbase.a(close.o)
                0x800101c0                _close_r
 .text          0x80010260       0xc8 c:/devkitpro/devkitppc/bin/../lib/gcc/powerpc-gekko/4.2.4/../../../../powerpc-gekko/lib\libsysbase.a(fstat.o)
                0x80010260                _fstat_r
 .text          0x80010328        0x8 c:/devkitpro/devkitppc/bin/../lib/gcc/powerpc-gekko/4.2.4/../../../../powerpc-gekko/lib\libsysbase.a(isatty.o)
                0x80010328                isatty
 .text          0x80010330       0xe8 c:/devkitpro/devkitppc/bin/../lib/gcc/powerpc-gekko/4.2.4/../../../../powerpc-gekko/lib\libsysbase.a(lseek.o)
                0x80010330                _lseek_r
 .text          0x80010418       0xcc c:/devkitpro/devkitppc/bin/../lib/gcc/powerpc-gekko/4.2.4/../../../../powerpc-gekko/lib\libsysbase.a(read.o)
                0x80010418                _read_r
 .text          0x800104e4       0x50 c:/devkitpro/devkitppc/bin/../lib/gcc/powerpc-gekko/4.2.4/../../../../powerpc-gekko/lib\libsysbase.a(sbrk.o)
                0x800104e4                _sbrk_r
 .text          0x80010534       0xcc c:/devkitpro/devkitppc/bin/../lib/gcc/powerpc-gekko/4.2.4/../../../../powerpc-gekko/lib\libsysbase.a(write.o)
                0x80010534                _write_r
 .text          0x80010600       0x6c c:/devkitpro/devkitppc/bin/../lib/gcc/powerpc-gekko/4.2.4/../../../../powerpc-gekko/lib\libsysbase.a(flock.o)
                0x80010624                __flockfile
                0x80010600                __funlockfile
 .text          0x8001066c      0x120 c:/devkitpro/devkitppc/bin/../lib/gcc/powerpc-gekko/4.2.4/../../../../powerpc-gekko/lib\libsysbase.a(handle_manager.o)
                0x80010730                __release_handle
                0x80010698                __alloc_handle
                0x8001066c                __get_handle
 .text          0x8001078c      0x450 c:/devkitpro/devkitppc/bin/../lib/gcc/powerpc-gekko/4.2.4\libgcc.a(_umoddi3.o)
                0x8001078c                __umoddi3
 .text          0x80010bdc       0x6c c:/devkitpro/devkitppc/bin/../lib/gcc/powerpc-gekko/4.2.4/crtend.o
 *(.text.*)
 .text.reset_call
                0x80010c48       0x10 main.o
                0x80010c48                reset_call
 .text.main     0x80010c58      0x2d4 main.o
                0x80010c58                main
 .text.mload_close
                0x80010f2c       0x4c mload.o
                0x80010f2c                mload_close
 .text.mload_init
                0x80010f78       0xb8 mload.o
                0x80010f78                mload_init
 .text.mload_memset
                0x80011030       0xa8 mload.o
                0x80011030                mload_memset
 .text.mload_write
                0x800110d8       0x58 mload.o
                0x800110d8                mload_write
 .text.mload_read
                0x80011130       0x58 mload.o
                0x80011130                mload_read
 .text.mload_seek
                0x80011188       0x58 mload.o
                0x80011188                mload_seek
 .text.mload_elf
                0x800111e0      0x2c8 mload.o
                0x800111e0                mload_elf
 .text.mload_stop_thread
                0x800114a8       0x88 mload.o
                0x800114a8                mload_stop_thread
 .text.mload_run_thread
                0x80011530       0xb8 mload.o
                0x80011530                mload_run_thread
 .text.mload_get_load_base
                0x800115e8       0x98 mload.o
                0x800115e8                mload_get_load_base
 .text.mload_get_thread_id
                0x80011680       0x80 mload.o
                0x80011680                mload_get_thread_id
 .text.__console_clear
                0x80011700       0x60 c:/devkitPro/libogc/lib/wii\libogc.a(console.o)
 .text.__console_write
                0x80011760      0x644 c:/devkitPro/libogc/lib/wii\libogc.a(console.o)
                0x80011760                __console_write
 .text.__console_init
                0x80011da4      0x110 c:/devkitPro/libogc/lib/wii\libogc.a(console.o)
                0x80011da4                __console_init
 .text.CON_Init
                0x80011eb4        0x4 c:/devkitPro/libogc/lib/wii\libogc.a(console.o)
                0x80011eb4                CON_Init
 .text.__gettiming
                0x80011eb8       0xb0 c:/devkitPro/libogc/lib/wii\libogc.a(video.o)
 .text.VIDEO_Flush
                0x80011f68      0x178 c:/devkitPro/libogc/lib/wii\libogc.a(video.o)
                0x80011f68                VIDEO_Flush
 .text.VIDEO_GetCurrentTvMode
                0x800120e0       0x70 c:/devkitPro/libogc/lib/wii\libogc.a(video.o)
                0x800120e0                VIDEO_GetCurrentTvMode
 .text.VIDEO_HaveComponentCable
                0x80012150       0x14 c:/devkitPro/libogc/lib/wii\libogc.a(video.o)
                0x80012150                VIDEO_HaveComponentCable
 .text.VIDEO_GetPreferredMode
                0x80012164       0xd0 c:/devkitPro/libogc/lib/wii\libogc.a(video.o)
                0x80012164                VIDEO_GetPreferredMode
 .text.VIDEO_WaitVSync
                0x80012234       0x90 c:/devkitPro/libogc/lib/wii\libogc.a(video.o)
                0x80012234                VIDEO_WaitVSync
 .text.__VISendI2CData
                0x800122c4      0x560 c:/devkitPro/libogc/lib/wii\libogc.a(video.o)
 .text.__VIWriteI2CRegisterBuf
                0x80012824       0x54 c:/devkitPro/libogc/lib/wii\libogc.a(video.o)
 .text.__VIWriteI2CRegister32
                0x80012878       0x58 c:/devkitPro/libogc/lib/wii\libogc.a(video.o)
 .text.__VIWriteI2CRegister16
                0x800128d0       0x48 c:/devkitPro/libogc/lib/wii\libogc.a(video.o)
 .text.__VIWriteI2CRegister8
                0x80012918       0x3c c:/devkitPro/libogc/lib/wii\libogc.a(video.o)
 .text.__VISetFilterEURGB60
                0x80012954        0xc c:/devkitPro/libogc/lib/wii\libogc.a(video.o)
 .text.__VISetYUVSEL
                0x80012960       0x90 c:/devkitPro/libogc/lib/wii\libogc.a(video.o)
 .text.VIDEO_Init
                0x800129f0      0x818 c:/devkitPro/libogc/lib/wii\libogc.a(video.o)
                0x800129f0                VIDEO_Init
 .text.__VIRetraceHandler
                0x80013208      0x308 c:/devkitPro/libogc/lib/wii\libogc.a(video.o)
 .text.VIDEO_GetCurrentLine
                0x80013510       0xa8 c:/devkitPro/libogc/lib/wii\libogc.a(video.o)
                0x80013510                VIDEO_GetCurrentLine
 .text.VIDEO_SetBlack
                0x800135b8      0x158 c:/devkitPro/libogc/lib/wii\libogc.a(video.o)
                0x800135b8                VIDEO_SetBlack
 .text.VIDEO_Configure
                0x80013710      0x874 c:/devkitPro/libogc/lib/wii\libogc.a(video.o)
                0x80013710                VIDEO_Configure
 .text.VIDEO_SetNextFramebuffer
                0x80013f84      0x234 c:/devkitPro/libogc/lib/wii\libogc.a(video.o)
                0x80013f84                VIDEO_SetNextFramebuffer
 .text.VIDEO_SetFramebuffer
                0x800141b8      0x340 c:/devkitPro/libogc/lib/wii\libogc.a(video.o)
                0x800141b8                VIDEO_SetFramebuffer
 .text.__MEMInterruptHandler
                0x800144f8       0x14 c:/devkitPro/libogc/lib/wii\libogc.a(system.o)
 .text.__RSWDefaultHandler
                0x8001450c        0x4 c:/devkitPro/libogc/lib/wii\libogc.a(system.o)
 .text.__POWDefaultHandler
                0x80014510        0x4 c:/devkitPro/libogc/lib/wii\libogc.a(system.o)
 .text.__sram_sync
                0x80014514        0xc c:/devkitPro/libogc/lib/wii\libogc.a(system.o)
 .text.__call_resetfuncs
                0x80014520       0xb0 c:/devkitPro/libogc/lib/wii\libogc.a(system.o)
 .text.__locksram
                0x800145d0       0x60 c:/devkitPro/libogc/lib/wii\libogc.a(system.o)
 .text.__SYS_LockSramEx
                0x80014630        0x8 c:/devkitPro/libogc/lib/wii\libogc.a(system.o)
                0x80014630                __SYS_LockSramEx
 .text.__SYS_GetIPCBufferLo
                0x80014638        0xc c:/devkitPro/libogc/lib/wii\libogc.a(system.o)
                0x80014638                __SYS_GetIPCBufferLo
 .text.__SYS_GetIPCBufferHi
                0x80014644        0xc c:/devkitPro/libogc/lib/wii\libogc.a(system.o)
                0x80014644                __SYS_GetIPCBufferHi
 .text._V_EXPORTNAME
                0x80014650       0x24 c:/devkitPro/libogc/lib/wii\libogc.a(system.o)
                0x80014650                _V_EXPORTNAME
 .text.__SYS_InitCallbacks
                0x80014674       0x30 c:/devkitPro/libogc/lib/wii\libogc.a(system.o)
                0x80014674                __SYS_InitCallbacks
 .text.SYS_ResetButtonDown
                0x800146a4       0x18 c:/devkitPro/libogc/lib/wii\libogc.a(system.o)
                0x800146a4                SYS_ResetButtonDown
 .text.__STMEventHandler
                0x800146bc      0x10c c:/devkitPro/libogc/lib/wii\libogc.a(system.o)
 .text.SYS_RegisterResetFunc
                0x800147c8       0x94 c:/devkitPro/libogc/lib/wii\libogc.a(system.o)
                0x800147c8                SYS_RegisterResetFunc
 .text.SYS_SetArena1Lo
                0x8001485c       0x3c c:/devkitPro/libogc/lib/wii\libogc.a(system.o)
                0x8001485c                SYS_SetArena1Lo
 .text.SYS_GetArena1Lo
                0x80014898       0x3c c:/devkitPro/libogc/lib/wii\libogc.a(system.o)
                0x80014898                SYS_GetArena1Lo
 .text.SYS_SetArena1Hi
                0x800148d4       0x3c c:/devkitPro/libogc/lib/wii\libogc.a(system.o)
                0x800148d4                SYS_SetArena1Hi
 .text.SYS_GetArena1Hi
                0x80014910       0x3c c:/devkitPro/libogc/lib/wii\libogc.a(system.o)
                0x80014910                SYS_GetArena1Hi
 .text.SYS_SetArena2Lo
                0x8001494c       0x3c c:/devkitPro/libogc/lib/wii\libogc.a(system.o)
                0x8001494c                SYS_SetArena2Lo
 .text.SYS_GetArena2Lo
                0x80014988       0x3c c:/devkitPro/libogc/lib/wii\libogc.a(system.o)
                0x80014988                SYS_GetArena2Lo
 .text.SYS_SetArena2Hi
                0x800149c4       0x3c c:/devkitPro/libogc/lib/wii\libogc.a(system.o)
                0x800149c4                SYS_SetArena2Hi
 .text.SYS_GetArena2Hi
                0x80014a00       0x3c c:/devkitPro/libogc/lib/wii\libogc.a(system.o)
                0x80014a00                SYS_GetArena2Hi
 .text.SYS_SetResetCallback
                0x80014a3c       0x44 c:/devkitPro/libogc/lib/wii\libogc.a(system.o)
                0x80014a3c                SYS_SetResetCallback
 .text.SYS_GetHollywoodRevision
                0x80014a80       0x3c c:/devkitPro/libogc/lib/wii\libogc.a(system.o)
                0x80014a80                SYS_GetHollywoodRevision
 .text.SYS_AllocateFramebuffer
                0x80014abc       0x3c c:/devkitPro/libogc/lib/wii\libogc.a(system.o)
                0x80014abc                SYS_AllocateFramebuffer
 .text.__mem_onreset
                0x80014af8       0x54 c:/devkitPro/libogc/lib/wii\libogc.a(system.o)
 .text.SYS_PreMain
                0x80014b4c       0x38 c:/devkitPro/libogc/lib/wii\libogc.a(system.o)
                0x80014b4c                SYS_PreMain
 .text.__sram_init
                0x80014b84      0x168 c:/devkitPro/libogc/lib/wii\libogc.a(system.o)
                0x80014b84                __sram_init
 .text.SYS_Init
                0x80014cec      0x540 c:/devkitPro/libogc/lib/wii\libogc.a(system.o)
                0x80014cec                SYS_Init
 .text.__sram_write
                0x8001522c      0x148 c:/devkitPro/libogc/lib/wii\libogc.a(system.o)
 .text.__unlocksram
                0x80015374      0x14c c:/devkitPro/libogc/lib/wii\libogc.a(system.o)
 .text.__SYS_UnlockSramEx
                0x800154c0        0x8 c:/devkitPro/libogc/lib/wii\libogc.a(system.o)
                0x800154c0                __SYS_UnlockSramEx
 .text.SYS_GetWirelessID
                0x800154c8       0x4c c:/devkitPro/libogc/lib/wii\libogc.a(system.o)
                0x800154c8                SYS_GetWirelessID
 .text.SYS_SetWirelessID
                0x80015514       0x60 c:/devkitPro/libogc/lib/wii\libogc.a(system.o)
                0x80015514                SYS_SetWirelessID
 .text.__sram_writecallback
                0x80015574       0x58 c:/devkitPro/libogc/lib/wii\libogc.a(system.o)
 .text.SYS_ResetSystem
                0x800155cc      0x234 c:/devkitPro/libogc/lib/wii\libogc.a(system.o)
                0x800155cc                SYS_ResetSystem
 .text.SYS_CreateAlarm
                0x80015800      0x10c c:/devkitPro/libogc/lib/wii\libogc.a(system.o)
                0x80015800                SYS_CreateAlarm
 .text.SYS_CancelAlarm
                0x8001590c       0x88 c:/devkitPro/libogc/lib/wii\libogc.a(system.o)
                0x8001590c                SYS_CancelAlarm
 .text.SYS_SetAlarm
                0x80015994      0x17c c:/devkitPro/libogc/lib/wii\libogc.a(system.o)
                0x80015994                SYS_SetAlarm
 .text.__sys_alarmhandler
                0x80015b10      0x104 c:/devkitPro/libogc/lib/wii\libogc.a(system.o)
 .text.__lwp_cond_init
                0x80015c14       0x30 c:/devkitPro/libogc/lib/wii\libogc.a(cond.o)
                0x80015c14                __lwp_cond_init
 .text.__decrementer_init
                0x80015c44        0x4 c:/devkitPro/libogc/lib/wii\libogc.a(decrementer.o)
                0x80015c44                __decrementer_init
 .text.c_decrementer_handler
                0x80015c48       0x28 c:/devkitPro/libogc/lib/wii\libogc.a(decrementer.o)
                0x80015c48                c_decrementer_handler
 .text.__lwp_mqbox_init
                0x80015c70       0x30 c:/devkitPro/libogc/lib/wii\libogc.a(message.o)
                0x80015c70                __lwp_mqbox_init
 .text.__si_transfer
                0x80015ca0      0x15c c:/devkitPro/libogc/lib/wii\libogc.a(si.o)
 .text.__si_alarmhandler
                0x80015dfc       0xb4 c:/devkitPro/libogc/lib/wii\libogc.a(si.o)
 .text.__si_calltypandstatuscallback
                0x80015eb0       0x8c c:/devkitPro/libogc/lib/wii\libogc.a(si.o)
 .text.SI_IsChanBusy
                0x80015f3c       0x38 c:/devkitPro/libogc/lib/wii\libogc.a(si.o)
                0x80015f3c                SI_IsChanBusy
 .text.SI_SetXY
                0x80015f74       0x64 c:/devkitPro/libogc/lib/wii\libogc.a(si.o)
                0x80015f74                SI_SetXY
 .text.SI_DisablePolling
                0x80015fd8       0x58 c:/devkitPro/libogc/lib/wii\libogc.a(si.o)
                0x80015fd8                SI_DisablePolling
 .text.SI_GetStatus
                0x80016030       0x7c c:/devkitPro/libogc/lib/wii\libogc.a(si.o)
                0x80016030                SI_GetStatus
 .text.SI_GetResponseRaw
                0x800160ac       0x78 c:/devkitPro/libogc/lib/wii\libogc.a(si.o)
                0x800160ac                SI_GetResponseRaw
 .text.SI_GetResponse
                0x80016124       0xb4 c:/devkitPro/libogc/lib/wii\libogc.a(si.o)
                0x80016124                SI_GetResponse
 .text.SI_SetCommand
                0x800161d8       0x10 c:/devkitPro/libogc/lib/wii\libogc.a(si.o)
                0x800161d8                SI_SetCommand
 .text.SI_TransferCommands
                0x800161e8       0x14 c:/devkitPro/libogc/lib/wii\libogc.a(si.o)
                0x800161e8                SI_TransferCommands
 .text.SI_EnablePolling
                0x800161fc       0xa0 c:/devkitPro/libogc/lib/wii\libogc.a(si.o)
                0x800161fc                SI_EnablePolling
 .text.__si_completetransfer
                0x8001629c      0x1a8 c:/devkitPro/libogc/lib/wii\libogc.a(si.o)
 .text.__si_transfernext
                0x80016444       0xe0 c:/devkitPro/libogc/lib/wii\libogc.a(si.o)
 .text.SI_Transfer
                0x80016524      0x21c c:/devkitPro/libogc/lib/wii\libogc.a(si.o)
                0x80016524                SI_Transfer
 .text.SI_GetType
                0x80016740      0x228 c:/devkitPro/libogc/lib/wii\libogc.a(si.o)
                0x80016740                SI_GetType
 .text.SI_GetTypeAsync
                0x80016968      0x13c c:/devkitPro/libogc/lib/wii\libogc.a(si.o)
                0x80016968                SI_GetTypeAsync
 .text.__si_interrupthandler
                0x80016aa4      0x24c c:/devkitPro/libogc/lib/wii\libogc.a(si.o)
 .text.__si_gettypecallback
                0x80016cf0      0x268 c:/devkitPro/libogc/lib/wii\libogc.a(si.o)
 .text.SI_SetSamplingRate
                0x80016f58       0xf4 c:/devkitPro/libogc/lib/wii\libogc.a(si.o)
                0x80016f58                SI_SetSamplingRate
 .text.__si_init
                0x8001704c       0xf8 c:/devkitPro/libogc/lib/wii\libogc.a(si.o)
                0x8001704c                __si_init
 .text.SI_RefreshSamplingRate
                0x80017144        0xc c:/devkitPro/libogc/lib/wii\libogc.a(si.o)
                0x80017144                SI_RefreshSamplingRate
 .text.iosDestroyHeap
                0x80017150       0x70 c:/devkitPro/libogc/lib/wii\libogc.a(ipc.o)
                0x80017150                iosDestroyHeap
 .text.IPC_GetBufferLo
                0x800171c0        0xc c:/devkitPro/libogc/lib/wii\libogc.a(ipc.o)
                0x800171c0                IPC_GetBufferLo
 .text.IPC_GetBufferHi
                0x800171cc        0xc c:/devkitPro/libogc/lib/wii\libogc.a(ipc.o)
                0x800171cc                IPC_GetBufferHi
 .text.IPC_SetBufferLo
                0x800171d8       0x1c c:/devkitPro/libogc/lib/wii\libogc.a(ipc.o)
                0x800171d8                IPC_SetBufferLo
 .text.__ipc_sendrequest
                0x800171f4      0x10c c:/devkitPro/libogc/lib/wii\libogc.a(ipc.o)
 .text.__ipc_syncrequest
                0x80017300       0xe4 c:/devkitPro/libogc/lib/wii\libogc.a(ipc.o)
 .text.iosAlloc
                0x800173e4       0x4c c:/devkitPro/libogc/lib/wii\libogc.a(ipc.o)
                0x800173e4                iosAlloc
 .text.iosFree  0x80017430       0x44 c:/devkitPro/libogc/lib/wii\libogc.a(ipc.o)
                0x80017430                iosFree
 .text.__ios_ioctlvformat_parse
                0x80017474      0x790 c:/devkitPro/libogc/lib/wii\libogc.a(ipc.o)
 .text.__ioctlvfmtCB
                0x80017c04      0x110 c:/devkitPro/libogc/lib/wii\libogc.a(ipc.o)
 .text.__IPC_Init
                0x80017d14       0x64 c:/devkitPro/libogc/lib/wii\libogc.a(ipc.o)
                0x80017d14                __IPC_Init
 .text.iosCreateHeap
                0x80017d78      0x160 c:/devkitPro/libogc/lib/wii\libogc.a(ipc.o)
                0x80017d78                iosCreateHeap
 .text.__IPC_ClntInit
                0x80017ed8       0x78 c:/devkitPro/libogc/lib/wii\libogc.a(ipc.o)
                0x80017ed8                __IPC_ClntInit
 .text.__ipc_interrupthandler
                0x80017f50      0x320 c:/devkitPro/libogc/lib/wii\libogc.a(ipc.o)
 .text.IOS_Write
                0x80018270       0xc0 c:/devkitPro/libogc/lib/wii\libogc.a(ipc.o)
                0x80018270                IOS_Write
 .text.__ipc_asyncrequest
                0x80018330      0x110 c:/devkitPro/libogc/lib/wii\libogc.a(ipc.o)
 .text.IOS_IoctlvReboot
                0x80018440      0x1a0 c:/devkitPro/libogc/lib/wii\libogc.a(ipc.o)
                0x80018440                IOS_IoctlvReboot
 .text.IOS_Open
                0x800185e0       0xc8 c:/devkitPro/libogc/lib/wii\libogc.a(ipc.o)
                0x800185e0                IOS_Open
 .text.IOS_Read
                0x800186a8       0xc0 c:/devkitPro/libogc/lib/wii\libogc.a(ipc.o)
                0x800186a8                IOS_Read
 .text.IOS_Close
                0x80018768       0x8c c:/devkitPro/libogc/lib/wii\libogc.a(ipc.o)
                0x80018768                IOS_Close
 .text.IOS_Ioctlv
                0x800187f4      0x19c c:/devkitPro/libogc/lib/wii\libogc.a(ipc.o)
                0x800187f4                IOS_Ioctlv
 .text.IOS_IoctlvFormat
                0x80018990      0x178 c:/devkitPro/libogc/lib/wii\libogc.a(ipc.o)
                0x80018990                IOS_IoctlvFormat
 .text.IOS_IoctlAsync
                0x80018b08      0x128 c:/devkitPro/libogc/lib/wii\libogc.a(ipc.o)
                0x80018b08                IOS_IoctlAsync
 .text.IOS_Ioctl
                0x80018c30      0x100 c:/devkitPro/libogc/lib/wii\libogc.a(ipc.o)
                0x80018c30                IOS_Ioctl
 .text.IOS_Seek
                0x80018d30       0xac c:/devkitPro/libogc/lib/wii\libogc.a(ipc.o)
                0x80018d30                IOS_Seek
 .text.gettick  0x80018ddc       0x10 c:/devkitPro/libogc/lib/wii\libogc.a(timesupp.o)
                0x80018ddc                gettick
 .text.gettime  0x80018dec       0x24 c:/devkitPro/libogc/lib/wii\libogc.a(timesupp.o)
                0x80018dec                gettime
 .text.diff_usec
                0x80018e10       0x9c c:/devkitPro/libogc/lib/wii\libogc.a(timesupp.o)
                0x80018e10                diff_usec
 .text.udelay   0x80018eac       0x64 c:/devkitPro/libogc/lib/wii\libogc.a(timesupp.o)
                0x80018eac                udelay
 .text.nanosleep
                0x80018f10      0x120 c:/devkitPro/libogc/lib/wii\libogc.a(timesupp.o)
                0x80018f10                nanosleep
 .text.usleep   0x80019030       0x34 c:/devkitPro/libogc/lib/wii\libogc.a(timesupp.o)
                0x80019030                usleep
 .text.sleep    0x80019064       0x30 c:/devkitPro/libogc/lib/wii\libogc.a(timesupp.o)
                0x80019064                sleep
 .text.__timesystem_init
                0x80019094       0x40 c:/devkitPro/libogc/lib/wii\libogc.a(timesupp.o)
                0x80019094                __timesystem_init
 .text.__libogc_lock_release
                0x800190d4       0x48 c:/devkitPro/libogc/lib/wii\libogc.a(lock_supp.o)
                0x800190d4                __libogc_lock_release
 .text.__libogc_lock_acquire
                0x8001911c       0x48 c:/devkitPro/libogc/lib/wii\libogc.a(lock_supp.o)
                0x8001911c                __libogc_lock_acquire
 .text.__libogc_lock_close
                0x80019164       0x5c c:/devkitPro/libogc/lib/wii\libogc.a(lock_supp.o)
                0x80019164                __libogc_lock_close
 .text.__libogc_lock_init
                0x800191c0       0x54 c:/devkitPro/libogc/lib/wii\libogc.a(lock_supp.o)
                0x800191c0                __libogc_lock_init
 .text.__libc_create_hook
                0x80019214       0x10 c:/devkitPro/libogc/lib/wii\libogc.a(newlibc.o)
                0x80019214                __libc_create_hook
 .text.__libc_init
                0x80019224      0x178 c:/devkitPro/libogc/lib/wii\libogc.a(newlibc.o)
                0x80019224                __libc_init
 .text.__libc_delete_hook
                0x8001939c       0xbc c:/devkitPro/libogc/lib/wii\libogc.a(newlibc.o)
                0x8001939c                __libc_delete_hook
 .text.__libc_start_hook
                0x80019458      0x1c0 c:/devkitPro/libogc/lib/wii\libogc.a(newlibc.o)
                0x80019458                __libc_start_hook
 .text.__usb_sendbyte
                0x80019618       0xf4 c:/devkitPro/libogc/lib/wii\libogc.a(usbgecko.o)
 .text.usb_sendbuffer
                0x8001970c       0x84 c:/devkitPro/libogc/lib/wii\libogc.a(usbgecko.o)
                0x8001970c                usb_sendbuffer
 .text.__usb_checksend
                0x80019790       0xec c:/devkitPro/libogc/lib/wii\libogc.a(usbgecko.o)
                0x80019790                __usb_checksend
 .text.usb_sendbuffer_safe
                0x8001987c       0x98 c:/devkitPro/libogc/lib/wii\libogc.a(usbgecko.o)
                0x8001987c                usb_sendbuffer_safe
 .text.__libogc_sbrk_r
                0x80019914      0x1a0 c:/devkitPro/libogc/lib/wii\libogc.a(sbrk.o)
                0x80019914                __libogc_sbrk_r
 .text.__libogc_malloc_lock
                0x80019ab4      0x228 c:/devkitPro/libogc/lib/wii\libogc.a(malloc_lock.o)
                0x80019ab4                __libogc_malloc_lock
 .text.__libogc_malloc_unlock
                0x80019cdc       0x70 c:/devkitPro/libogc/lib/wii\libogc.a(malloc_lock.o)
                0x80019cdc                __libogc_malloc_unlock
 .text.__memlock_init
                0x80019d4c       0x84 c:/devkitPro/libogc/lib/wii\libogc.a(malloc_lock.o)
                0x80019d4c                __memlock_init
 .text.STM_RegisterEventHandler
                0x80019dd0       0x14 c:/devkitPro/libogc/lib/wii\libogc.a(stm.o)
                0x80019dd0                STM_RegisterEventHandler
 .text.STM_RebootSystem
                0x80019de4       0x70 c:/devkitPro/libogc/lib/wii\libogc.a(stm.o)
                0x80019de4                STM_RebootSystem
 .text.STM_SetLedMode
                0x80019e54       0x60 c:/devkitPro/libogc/lib/wii\libogc.a(stm.o)
                0x80019e54                STM_SetLedMode
 .text.STM_ShutdownToStandby
                0x80019eb4       0x70 c:/devkitPro/libogc/lib/wii\libogc.a(stm.o)
                0x80019eb4                STM_ShutdownToStandby
 .text.__STM_ReleaseEventHook
                0x80019f24       0x94 c:/devkitPro/libogc/lib/wii\libogc.a(stm.o)
                0x80019f24                __STM_ReleaseEventHook
 .text.STM_ShutdownToIdle
                0x80019fb8       0x9c c:/devkitPro/libogc/lib/wii\libogc.a(stm.o)
                0x80019fb8                STM_ShutdownToIdle
 .text.__STM_SetEventHook
                0x8001a054       0xe8 c:/devkitPro/libogc/lib/wii\libogc.a(stm.o)
                0x8001a054                __STM_SetEventHook
 .text.__STMEventHandler
                0x8001a13c       0x6c c:/devkitPro/libogc/lib/wii\libogc.a(stm.o)
 .text.__STM_Close
                0x8001a1a8       0x9c c:/devkitPro/libogc/lib/wii\libogc.a(stm.o)
                0x8001a1a8                __STM_Close
 .text.__STM_Init
                0x8001a244       0xac c:/devkitPro/libogc/lib/wii\libogc.a(stm.o)
                0x8001a244                __STM_Init
 .text.IOS_GetVersion
                0x8001a2f0       0x54 c:/devkitPro/libogc/lib/wii\libogc.a(ios.o)
                0x8001a2f0                IOS_GetVersion
 .text.__IOS_LaunchNewIOS
                0x8001a344       0xf4 c:/devkitPro/libogc/lib/wii\libogc.a(ios.o)
                0x8001a344                __IOS_LaunchNewIOS
 .text.__IOS_ShutdownSubsystems
                0x8001a438       0x48 c:/devkitPro/libogc/lib/wii\libogc.a(ios.o)
                0x8001a438                __IOS_ShutdownSubsystems
 .text.__IOS_InitializeSubsystems
                0x8001a480       0x48 c:/devkitPro/libogc/lib/wii\libogc.a(ios.o)
                0x8001a480                __IOS_InitializeSubsystems
 .text.IOS_ReloadIOS
                0x8001a4c8       0x88 c:/devkitPro/libogc/lib/wii\libogc.a(ios.o)
                0x8001a4c8                IOS_ReloadIOS
 .text.__IOS_InitHeap
                0x8001a550       0x70 c:/devkitPro/libogc/lib/wii\libogc.a(ios.o)
                0x8001a550                __IOS_InitHeap
 .text.IOS_GetPreferredVersion
                0x8001a5c0      0x100 c:/devkitPro/libogc/lib/wii\libogc.a(ios.o)
                0x8001a5c0                IOS_GetPreferredVersion
 .text.__IOS_LoadStartupIOS
                0x8001a6c0       0x6c c:/devkitPro/libogc/lib/wii\libogc.a(ios.o)
                0x8001a6c0                __IOS_LoadStartupIOS
 .text.__ES_Reset
                0x8001a72c       0x14 c:/devkitPro/libogc/lib/wii\libogc.a(es.o)
                0x8001a72c                __ES_Reset
 .text.ES_CloseContent
                0x8001a740       0x6c c:/devkitPro/libogc/lib/wii\libogc.a(es.o)
                0x8001a740                ES_CloseContent
 .text.ES_SeekContent
                0x8001a7ac       0x78 c:/devkitPro/libogc/lib/wii\libogc.a(es.o)
                0x8001a7ac                ES_SeekContent
 .text.ES_ReadContent
                0x8001a824       0x98 c:/devkitPro/libogc/lib/wii\libogc.a(es.o)
                0x8001a824                ES_ReadContent
 .text.ES_OpenContent
                0x8001a8bc       0x50 c:/devkitPro/libogc/lib/wii\libogc.a(es.o)
                0x8001a8bc                ES_OpenContent
 .text.ES_GetStoredTMD
                0x8001a90c       0xa4 c:/devkitPro/libogc/lib/wii\libogc.a(es.o)
                0x8001a90c                ES_GetStoredTMD
 .text.ES_GetStoredTMDSize
                0x8001a9b0       0x88 c:/devkitPro/libogc/lib/wii\libogc.a(es.o)
                0x8001a9b0                ES_GetStoredTMDSize
 .text.ES_GetTitles
                0x8001aa38       0x90 c:/devkitPro/libogc/lib/wii\libogc.a(es.o)
                0x8001aa38                ES_GetTitles
 .text.ES_GetNumTitles
                0x8001aac8       0x7c c:/devkitPro/libogc/lib/wii\libogc.a(es.o)
                0x8001aac8                ES_GetNumTitles
 .text.ES_GetTicketViews
                0x8001ab44       0xa0 c:/devkitPro/libogc/lib/wii\libogc.a(es.o)
                0x8001ab44                ES_GetTicketViews
 .text.ES_GetNumTicketViews
                0x8001abe4       0x88 c:/devkitPro/libogc/lib/wii\libogc.a(es.o)
                0x8001abe4                ES_GetNumTicketViews
 .text.ES_GetTitleID
                0x8001ac6c       0x84 c:/devkitPro/libogc/lib/wii\libogc.a(es.o)
                0x8001ac6c                ES_GetTitleID
 .text.ES_LaunchTitle
                0x8001acf0       0xb8 c:/devkitPro/libogc/lib/wii\libogc.a(es.o)
                0x8001acf0                ES_LaunchTitle
 .text.__ES_Close
                0x8001ada8       0x7c c:/devkitPro/libogc/lib/wii\libogc.a(es.o)
                0x8001ada8                __ES_Close
 .text.__ES_Init
                0x8001ae24       0x84 c:/devkitPro/libogc/lib/wii\libogc.a(es.o)
                0x8001ae24                __ES_Init
 .text._ES_decodepath
                0x8001aea8      0x33c c:/devkitPro/libogc/lib/wii\libogc.a(es.o)
 .text._ES_fillstat
                0x8001b1e4      0x164 c:/devkitPro/libogc/lib/wii\libogc.a(es.o)
 .text._ES_stat_r
                0x8001b348       0x64 c:/devkitPro/libogc/lib/wii\libogc.a(es.o)
 .text._ES_fstat_r
                0x8001b3ac       0x8c c:/devkitPro/libogc/lib/wii\libogc.a(es.o)
 .text._ES_seek_r
                0x8001b438       0xc0 c:/devkitPro/libogc/lib/wii\libogc.a(es.o)
 .text._ES_read_r
                0x8001b4f8      0x1a8 c:/devkitPro/libogc/lib/wii\libogc.a(es.o)
 .text._ES_close_r
                0x8001b6a0       0x8c c:/devkitPro/libogc/lib/wii\libogc.a(es.o)
 .text._ES_open_r
                0x8001b72c       0xc8 c:/devkitPro/libogc/lib/wii\libogc.a(es.o)
 .text.__CheckARGV
                0x8001b7f4       0x9c c:/devkitPro/libogc/lib/wii\libogc.a(argv.o)
                0x8001b7f4                __CheckARGV
 .text.__CONF_DecryptTextBuffer
                0x8001b890       0x48 c:/devkitPro/libogc/lib/wii\libogc.a(conf.o)
                0x8001b890                __CONF_DecryptTextBuffer
 .text.__CONF_Find
                0x8001b8d8      0x118 c:/devkitPro/libogc/lib/wii\libogc.a(conf.o)
                0x8001b8d8                __CONF_Find
 .text.CONF_GetLength
                0x8001b9f0       0xd4 c:/devkitPro/libogc/lib/wii\libogc.a(conf.o)
                0x8001b9f0                CONF_GetLength
 .text.CONF_Get
                0x8001bac4      0x13c c:/devkitPro/libogc/lib/wii\libogc.a(conf.o)
                0x8001bac4                CONF_Get
 .text.CONF_GetDisplayOffsetH
                0x8001bc00       0x64 c:/devkitPro/libogc/lib/wii\libogc.a(conf.o)
                0x8001bc00                CONF_GetDisplayOffsetH
 .text.CONF_GetEuRGB60
                0x8001bc64       0x58 c:/devkitPro/libogc/lib/wii\libogc.a(conf.o)
                0x8001bc64                CONF_GetEuRGB60
 .text.CONF_GetProgressiveScan
                0x8001bcbc       0x58 c:/devkitPro/libogc/lib/wii\libogc.a(conf.o)
                0x8001bcbc                CONF_GetProgressiveScan
 .text.CONF_GetIdleLedMode
                0x8001bd14       0x5c c:/devkitPro/libogc/lib/wii\libogc.a(conf.o)
                0x8001bd14                CONF_GetIdleLedMode
 .text.CONF_GetShutdownMode
                0x8001bd70       0x5c c:/devkitPro/libogc/lib/wii\libogc.a(conf.o)
                0x8001bd70                CONF_GetShutdownMode
 .text.__CONF_GetTxt
                0x8001bdcc      0x19c c:/devkitPro/libogc/lib/wii\libogc.a(conf.o)
                0x8001bdcc                __CONF_GetTxt
 .text.CONF_GetVideo
                0x8001bf68       0xac c:/devkitPro/libogc/lib/wii\libogc.a(conf.o)
                0x8001bf68                CONF_GetVideo
 .text.CONF_Init
                0x8001c014      0x138 c:/devkitPro/libogc/lib/wii\libogc.a(conf.o)
                0x8001c014                CONF_Init
 .text.__CalcChecksum
                0x8001c14c       0x3c c:/devkitPro/libogc/lib/wii\libogc.a(wiilaunch.o)
 .text.__SetChecksum
                0x8001c188       0x30 c:/devkitPro/libogc/lib/wii\libogc.a(wiilaunch.o)
 .text.__ValidChecksum
                0x8001c1b8       0x38 c:/devkitPro/libogc/lib/wii\libogc.a(wiilaunch.o)
 .text.__WII_WriteStateFlags
                0x8001c1f0       0x9c c:/devkitPro/libogc/lib/wii\libogc.a(wiilaunch.o)
 .text.WII_LaunchTitle
                0x8001c28c       0xcc c:/devkitPro/libogc/lib/wii\libogc.a(wiilaunch.o)
                0x8001c28c                WII_LaunchTitle
 .text.WII_ReturnToMenu
                0x8001c358       0x74 c:/devkitPro/libogc/lib/wii\libogc.a(wiilaunch.o)
                0x8001c358                WII_ReturnToMenu
 .text.WII_Initialize
                0x8001c3cc      0x204 c:/devkitPro/libogc/lib/wii\libogc.a(wiilaunch.o)
                0x8001c3cc                WII_Initialize
 .text.__lwp_priority_init
                0x8001c5d0       0x34 c:/devkitPro/libogc/lib/wii\libogc.a(lwp_priority.o)
                0x8001c5d0                __lwp_priority_init
 .text.__lwp_threadqueue_extractpriority
                0x8001c604      0x16c c:/devkitPro/libogc/lib/wii\libogc.a(lwp_threadq.o)
                0x8001c604                __lwp_threadqueue_extractpriority
 .text.__lwp_threadqueue_extractfifo
                0x8001c770       0xe8 c:/devkitPro/libogc/lib/wii\libogc.a(lwp_threadq.o)
                0x8001c770                __lwp_threadqueue_extractfifo
 .text.__lwp_threadqueue_extract
                0x8001c858       0x1c c:/devkitPro/libogc/lib/wii\libogc.a(lwp_threadq.o)
                0x8001c858                __lwp_threadqueue_extract
 .text.__lwp_threadqueue_extractproxy
                0x8001c874       0x3c c:/devkitPro/libogc/lib/wii\libogc.a(lwp_threadq.o)
                0x8001c874                __lwp_threadqueue_extractproxy
 .text.__lwp_threadqueue_timeout
                0x8001c8b0       0x8c c:/devkitPro/libogc/lib/wii\libogc.a(lwp_threadq.o)
 .text.__lwp_threadqueue_dequeuepriority
                0x8001c93c      0x210 c:/devkitPro/libogc/lib/wii\libogc.a(lwp_threadq.o)
                0x8001c93c                __lwp_threadqueue_dequeuepriority
 .text.__lwp_threadqueue_enqueuepriority
                0x8001cb4c      0x3b8 c:/devkitPro/libogc/lib/wii\libogc.a(lwp_threadq.o)
                0x8001cb4c                __lwp_threadqueue_enqueuepriority
 .text.__lwp_threadqueue_dequeuefifo
                0x8001cf04      0x14c c:/devkitPro/libogc/lib/wii\libogc.a(lwp_threadq.o)
                0x8001cf04                __lwp_threadqueue_dequeuefifo
 .text.__lwp_threadqueue_dequeue
                0x8001d050       0x24 c:/devkitPro/libogc/lib/wii\libogc.a(lwp_threadq.o)
                0x8001d050                __lwp_threadqueue_dequeue
 .text.__lwp_threadqueue_flush
                0x8001d074       0x4c c:/devkitPro/libogc/lib/wii\libogc.a(lwp_threadq.o)
                0x8001d074                __lwp_threadqueue_flush
 .text.__lwp_threadqueue_enqueuefifo
                0x8001d0c0      0x128 c:/devkitPro/libogc/lib/wii\libogc.a(lwp_threadq.o)
                0x8001d0c0                __lwp_threadqueue_enqueuefifo
 .text.__lwp_threadqueue_enqueue
                0x8001d1e8      0x13c c:/devkitPro/libogc/lib/wii\libogc.a(lwp_threadq.o)
                0x8001d1e8                __lwp_threadqueue_enqueue
 .text.__lwp_threadqueue_init
                0x8001d324       0x88 c:/devkitPro/libogc/lib/wii\libogc.a(lwp_threadq.o)
                0x8001d324                __lwp_threadqueue_init
 .text.__lwp_isr_in_progress
                0x8001d3ac        0x8 c:/devkitPro/libogc/lib/wii\libogc.a(lwp_threads.o)
                0x8001d3ac                __lwp_isr_in_progress
 .text.__lwp_thread_setstate
                0x8001d3b4      0x158 c:/devkitPro/libogc/lib/wii\libogc.a(lwp_threads.o)
                0x8001d3b4                __lwp_thread_setstate
 .text.__lwp_thread_clearstate
                0x8001d50c      0x104 c:/devkitPro/libogc/lib/wii\libogc.a(lwp_threads.o)
                0x8001d50c                __lwp_thread_clearstate
 .text.__lwp_thread_delayended
                0x8001d610       0x48 c:/devkitPro/libogc/lib/wii\libogc.a(lwp_threads.o)
                0x8001d610                __lwp_thread_delayended
 .text.__lwp_thread_setpriority
                0x8001d658       0x5c c:/devkitPro/libogc/lib/wii\libogc.a(lwp_threads.o)
                0x8001d658                __lwp_thread_setpriority
 .text.__lwp_thread_settransient
                0x8001d6b4       0xd0 c:/devkitPro/libogc/lib/wii\libogc.a(lwp_threads.o)
                0x8001d6b4                __lwp_thread_settransient
 .text.__lwp_thread_loadenv
                0x8001d784       0x78 c:/devkitPro/libogc/lib/wii\libogc.a(lwp_threads.o)
                0x8001d784                __lwp_thread_loadenv
 .text.__lwp_thread_ready
                0x8001d7fc       0xf8 c:/devkitPro/libogc/lib/wii\libogc.a(lwp_threads.o)
                0x8001d7fc                __lwp_thread_ready
 .text.__thread_dispatch
                0x8001d8f4      0x130 c:/devkitPro/libogc/lib/wii\libogc.a(lwp_threads.o)
                0x8001d8f4                __thread_dispatch
 .text.__lwp_thread_start
                0x8001da24       0x64 c:/devkitPro/libogc/lib/wii\libogc.a(lwp_threads.o)
                0x8001da24                __lwp_thread_start
 .text.__lwp_thread_close
                0x8001da88      0x130 c:/devkitPro/libogc/lib/wii\libogc.a(lwp_threads.o)
                0x8001da88                __lwp_thread_close
 .text.__lwp_thread_init
                0x8001dbb8      0x108 c:/devkitPro/libogc/lib/wii\libogc.a(lwp_threads.o)
                0x8001dbb8                __lwp_thread_init
 .text.__thread_dispatch_fp
                0x8001dcc0       0x9c c:/devkitPro/libogc/lib/wii\libogc.a(lwp_threads.o)
                0x8001dcc0                __thread_dispatch_fp
 .text.__lwp_thread_stopmultitasking
                0x8001dd5c       0x50 c:/devkitPro/libogc/lib/wii\libogc.a(lwp_threads.o)
                0x8001dd5c                __lwp_thread_stopmultitasking
 .text.__lwp_thread_startmultitasking
                0x8001ddac       0x70 c:/devkitPro/libogc/lib/wii\libogc.a(lwp_threads.o)
                0x8001ddac                __lwp_thread_startmultitasking
 .text.__lwp_thread_closeall
                0x8001de1c      0x120 c:/devkitPro/libogc/lib/wii\libogc.a(lwp_threads.o)
                0x8001de1c                __lwp_thread_closeall
 .text.__lwp_thread_changepriority
                0x8001df3c      0x1b8 c:/devkitPro/libogc/lib/wii\libogc.a(lwp_threads.o)
                0x8001df3c                __lwp_thread_changepriority
 .text.__lwp_thread_coreinit
                0x8001e0f4       0x64 c:/devkitPro/libogc/lib/wii\libogc.a(lwp_threads.o)
                0x8001e0f4                __lwp_thread_coreinit
 .text.__lwp_thread_exit
                0x8001e158       0x70 c:/devkitPro/libogc/lib/wii\libogc.a(lwp_threads.o)
                0x8001e158                __lwp_thread_exit
 .text.__lwp_thread_handler
                0x8001e1c8       0x7c c:/devkitPro/libogc/lib/wii\libogc.a(lwp_threads.o)
 .text.idle_func
                0x8001e244        0x4 c:/devkitPro/libogc/lib/wii\libogc.a(lwp.o)
 .text.__lwp_sysinit
                0x8001e248      0x118 c:/devkitPro/libogc/lib/wii\libogc.a(lwp.o)
                0x8001e248                __lwp_sysinit
 .text.LWP_ThreadSignal
                0x8001e360       0x74 c:/devkitPro/libogc/lib/wii\libogc.a(lwp.o)
                0x8001e360                LWP_ThreadSignal
 .text.LWP_ThreadBroadcast
                0x8001e3d4       0x88 c:/devkitPro/libogc/lib/wii\libogc.a(lwp.o)
                0x8001e3d4                LWP_ThreadBroadcast
 .text.LWP_ThreadSleep
                0x8001e45c       0xe4 c:/devkitPro/libogc/lib/wii\libogc.a(lwp.o)
                0x8001e45c                LWP_ThreadSleep
 .text.LWP_CloseQueue
                0x8001e540       0xe8 c:/devkitPro/libogc/lib/wii\libogc.a(lwp.o)
                0x8001e540                LWP_CloseQueue
 .text.LWP_InitQueue
                0x8001e628      0x124 c:/devkitPro/libogc/lib/wii\libogc.a(lwp.o)
                0x8001e628                LWP_InitQueue
 .text.__lwp_stack_free
                0x8001e74c       0x38 c:/devkitPro/libogc/lib/wii\libogc.a(lwp_stack.o)
                0x8001e74c                __lwp_stack_free
 .text.__lwp_stack_allocate
                0x8001e784       0x6c c:/devkitPro/libogc/lib/wii\libogc.a(lwp_stack.o)
                0x8001e784                __lwp_stack_allocate
 .text.__lwp_mutex_flush
                0x8001e7f0       0x20 c:/devkitPro/libogc/lib/wii\libogc.a(lwp_mutex.o)
                0x8001e7f0                __lwp_mutex_flush
 .text.__lwp_mutex_initialize
                0x8001e810       0xe8 c:/devkitPro/libogc/lib/wii\libogc.a(lwp_mutex.o)
                0x8001e810                __lwp_mutex_initialize
 .text.__lwp_mutex_seize_irq_blocking
                0x8001e8f8       0xec c:/devkitPro/libogc/lib/wii\libogc.a(lwp_mutex.o)
                0x8001e8f8                __lwp_mutex_seize_irq_blocking
 .text.__lwp_mutex_surrender
                0x8001e9e4      0x150 c:/devkitPro/libogc/lib/wii\libogc.a(lwp_mutex.o)
                0x8001e9e4                __lwp_mutex_surrender
 .text.__lwp_watchdog_init
                0x8001eb34       0x2c c:/devkitPro/libogc/lib/wii\libogc.a(lwp_watchdog.o)
                0x8001eb34                __lwp_watchdog_init
 .text.__lwp_wd_settimer
                0x8001eb60       0xc0 c:/devkitPro/libogc/lib/wii\libogc.a(lwp_watchdog.o)
 .text.__lwp_wd_remove
                0x8001ec20      0x104 c:/devkitPro/libogc/lib/wii\libogc.a(lwp_watchdog.o)
                0x8001ec20                __lwp_wd_remove
 .text.__lwp_wd_insert
                0x8001ed24      0x1c4 c:/devkitPro/libogc/lib/wii\libogc.a(lwp_watchdog.o)
                0x8001ed24                __lwp_wd_insert
 .text.__lwp_wd_tickle
                0x8001eee8      0x104 c:/devkitPro/libogc/lib/wii\libogc.a(lwp_watchdog.o)
                0x8001eee8                __lwp_wd_tickle
 .text.__lwp_wkspace_init
                0x8001efec       0xc8 c:/devkitPro/libogc/lib/wii\libogc.a(lwp_wkspace.o)
                0x8001efec                __lwp_wkspace_init
 .text.__lwp_objmgr_getisrdisable
                0x8001f0b4       0x64 c:/devkitPro/libogc/lib/wii\libogc.a(lwp_objmgr.o)
                0x8001f0b4                __lwp_objmgr_getisrdisable
 .text.__lwp_objmgr_getnoprotection
                0x8001f118       0x24 c:/devkitPro/libogc/lib/wii\libogc.a(lwp_objmgr.o)
                0x8001f118                __lwp_objmgr_getnoprotection
 .text.__lwp_objmgr_allocate
                0x8001f13c       0x74 c:/devkitPro/libogc/lib/wii\libogc.a(lwp_objmgr.o)
                0x8001f13c                __lwp_objmgr_allocate
 .text.__lwp_objmgr_free
                0x8001f1b0       0x5c c:/devkitPro/libogc/lib/wii\libogc.a(lwp_objmgr.o)
                0x8001f1b0                __lwp_objmgr_free
 .text.__lwp_objmgr_get
                0x8001f20c       0x78 c:/devkitPro/libogc/lib/wii\libogc.a(lwp_objmgr.o)
                0x8001f20c                __lwp_objmgr_get
 .text.__lwp_objmgr_initinfo
                0x8001f284      0x1b0 c:/devkitPro/libogc/lib/wii\libogc.a(lwp_objmgr.o)
                0x8001f284                __lwp_objmgr_initinfo
 .text.__lwp_heap_init
                0x8001f434       0x9c c:/devkitPro/libogc/lib/wii\libogc.a(lwp_heap.o)
                0x8001f434                __lwp_heap_init
 .text.__lwp_heap_free
                0x8001f4d0      0x1d4 c:/devkitPro/libogc/lib/wii\libogc.a(lwp_heap.o)
                0x8001f4d0                __lwp_heap_free
 .text.__lwp_heap_allocate
                0x8001f6a4      0x16c c:/devkitPro/libogc/lib/wii\libogc.a(lwp_heap.o)
                0x8001f6a4                __lwp_heap_allocate
 .text.__exception_sethandler
                0x8001f810       0x14 c:/devkitPro/libogc/lib/wii\libogc.a(exception.o)
                0x8001f810                __exception_sethandler
 .text.__libogc_exit
                0x8001f824       0x38 c:/devkitPro/libogc/lib/wii\libogc.a(exception.o)
                0x8001f824                __libogc_exit
 .text.c_default_exceptionhandler
                0x8001f85c      0x3c4 c:/devkitPro/libogc/lib/wii\libogc.a(exception.o)
                0x8001f85c                c_default_exceptionhandler
 .text.__exception_load
                0x8001fc20       0xa4 c:/devkitPro/libogc/lib/wii\libogc.a(exception.o)
                0x8001fc20                __exception_load
 .text.__exception_init
                0x8001fcc4       0xf4 c:/devkitPro/libogc/lib/wii\libogc.a(exception.o)
                0x8001fcc4                __exception_init
 .text.__systemcall_init
                0x8001fdb8       0x20 c:/devkitPro/libogc/lib/wii\libogc.a(exception.o)
                0x8001fdb8                __systemcall_init
 .text.c_irqdispatcher
                0x8001fdd8      0x2ac c:/devkitPro/libogc/lib/wii\libogc.a(irq.o)
                0x8001fdd8                c_irqdispatcher
 .text.__SetInterrupts
                0x80020084      0x268 c:/devkitPro/libogc/lib/wii\libogc.a(irq.o)
 .text.__UnmaskIrq
                0x800202ec       0x90 c:/devkitPro/libogc/lib/wii\libogc.a(irq.o)
                0x800202ec                __UnmaskIrq
 .text.__MaskIrq
                0x8002037c       0x90 c:/devkitPro/libogc/lib/wii\libogc.a(irq.o)
                0x8002037c                __MaskIrq
 .text.IRQ_Request
                0x8002040c       0x54 c:/devkitPro/libogc/lib/wii\libogc.a(irq.o)
                0x8002040c                IRQ_Request
 .text.IRQ_GetHandler
                0x80020460       0x44 c:/devkitPro/libogc/lib/wii\libogc.a(irq.o)
                0x80020460                IRQ_GetHandler
 .text.__irq_init
                0x800204a4       0xac c:/devkitPro/libogc/lib/wii\libogc.a(irq.o)
                0x800204a4                __irq_init
 .text.__lwp_sema_init
                0x80020550       0x30 c:/devkitPro/libogc/lib/wii\libogc.a(semaphore.o)
                0x80020550                __lwp_sema_init
 .text.__PADDisableRecalibration
                0x80020580       0x5c c:/devkitPro/libogc/lib/wii\libogc.a(pad.o)
                0x80020580                __PADDisableRecalibration
 .text.PAD_ButtonsDown
                0x800205dc       0x34 c:/devkitPro/libogc/lib/wii\libogc.a(pad.o)
                0x800205dc                PAD_ButtonsDown
 .text.__pad_updateorigin
                0x80020610       0xa4 c:/devkitPro/libogc/lib/wii\libogc.a(pad.o)
 .text.__pad_doreset
                0x800206b4       0x74 c:/devkitPro/libogc/lib/wii\libogc.a(pad.o)
 .text.PAD_Reset
                0x80020728      0x12c c:/devkitPro/libogc/lib/wii\libogc.a(pad.o)
                0x80020728                PAD_Reset
 .text.__pad_enable
                0x80020854       0x68 c:/devkitPro/libogc/lib/wii\libogc.a(pad.o)
 .text.__pad_typeandstatuscallback
                0x800208bc      0x194 c:/devkitPro/libogc/lib/wii\libogc.a(pad.o)
 .text.__pad_origincallback
                0x80020a50       0x40 c:/devkitPro/libogc/lib/wii\libogc.a(pad.o)
 .text.__pad_probecallback
                0x80020a90       0x54 c:/devkitPro/libogc/lib/wii\libogc.a(pad.o)
 .text.__pad_disable
                0x80020ae4       0xd0 c:/devkitPro/libogc/lib/wii\libogc.a(pad.o)
 .text.PAD_Read
                0x80020bb4      0x2f4 c:/devkitPro/libogc/lib/wii\libogc.a(pad.o)
                0x80020bb4                PAD_Read
 .text.PAD_ScanPads
                0x80020ea8      0x17c c:/devkitPro/libogc/lib/wii\libogc.a(pad.o)
                0x80020ea8                PAD_ScanPads
 .text.__pad_receivecheckcallback
                0x80021024       0xc0 c:/devkitPro/libogc/lib/wii\libogc.a(pad.o)
 .text.__pad_originupdatecallback
                0x800210e4       0x88 c:/devkitPro/libogc/lib/wii\libogc.a(pad.o)
 .text.EXI_Sync
                0x8002116c       0xec c:/devkitPro/libogc/lib/wii\libogc.a(exi.o)
                0x8002116c                EXI_Sync
 .text.__exi_irq_handler
                0x80021258       0x74 c:/devkitPro/libogc/lib/wii\libogc.a(exi.o)
 .text.EXI_Detach
                0x800212cc       0xb0 c:/devkitPro/libogc/lib/wii\libogc.a(exi.o)
                0x800212cc                EXI_Detach
 .text.__exi_probe
                0x8002137c      0x21c c:/devkitPro/libogc/lib/wii\libogc.a(exi.o)
 .text.EXI_Select
                0x80021598      0x1d8 c:/devkitPro/libogc/lib/wii\libogc.a(exi.o)
                0x80021598                EXI_Select
 .text.EXI_Imm  0x80021770      0x1b0 c:/devkitPro/libogc/lib/wii\libogc.a(exi.o)
                0x80021770                EXI_Imm
 .text.EXI_ImmEx
                0x80021920       0xd4 c:/devkitPro/libogc/lib/wii\libogc.a(exi.o)
                0x80021920                EXI_ImmEx
 .text.EXI_Deselect
                0x800219f4      0x14c c:/devkitPro/libogc/lib/wii\libogc.a(exi.o)
                0x800219f4                EXI_Deselect
 .text.__exi_attach
                0x80021b40      0x11c c:/devkitPro/libogc/lib/wii\libogc.a(exi.o)
 .text.EXI_Lock
                0x80021c5c      0x210 c:/devkitPro/libogc/lib/wii\libogc.a(exi.o)
                0x80021c5c                EXI_Lock
 .text.EXI_Dma  0x80021e6c      0x164 c:/devkitPro/libogc/lib/wii\libogc.a(exi.o)
                0x80021e6c                EXI_Dma
 .text.__ext_irq_handler
                0x80021fd0       0xbc c:/devkitPro/libogc/lib/wii\libogc.a(exi.o)
 .text.__tc_irq_handler
                0x8002208c      0x11c c:/devkitPro/libogc/lib/wii\libogc.a(exi.o)
 .text.EXI_Unlock
                0x800221a8      0x26c c:/devkitPro/libogc/lib/wii\libogc.a(exi.o)
                0x800221a8                EXI_Unlock
 .text.EXI_GetID
                0x80022414      0x248 c:/devkitPro/libogc/lib/wii\libogc.a(exi.o)
                0x80022414                EXI_GetID
 .text.EXI_ProbeReset
                0x8002265c       0x7c c:/devkitPro/libogc/lib/wii\libogc.a(exi.o)
                0x8002265c                EXI_ProbeReset
 .text.__exi_init
                0x800226d8      0x18c c:/devkitPro/libogc/lib/wii\libogc.a(exi.o)
                0x800226d8                __exi_init
 .text.__unlocked_handler
                0x80022864       0x28 c:/devkitPro/libogc/lib/wii\libogc.a(exi.o)
 .text.__lwp_mutex_init
                0x8002288c       0x30 c:/devkitPro/libogc/lib/wii\libogc.a(mutex.o)
                0x8002288c                __lwp_mutex_init
 .text.LWP_MutexDestroy
                0x800228bc      0x108 c:/devkitPro/libogc/lib/wii\libogc.a(mutex.o)
                0x800228bc                LWP_MutexDestroy
 .text.LWP_MutexUnlock
                0x800229c4       0x90 c:/devkitPro/libogc/lib/wii\libogc.a(mutex.o)
                0x800229c4                LWP_MutexUnlock
 .text.__lwp_mutex_locksupp
                0x80022a54      0x28c c:/devkitPro/libogc/lib/wii\libogc.a(mutex.o)
 .text.LWP_MutexLock
                0x80022ce0        0xc c:/devkitPro/libogc/lib/wii\libogc.a(mutex.o)
                0x80022ce0                LWP_MutexLock
 .text.LWP_MutexInit
                0x80022cec      0x150 c:/devkitPro/libogc/lib/wii\libogc.a(mutex.o)
                0x80022cec                LWP_MutexInit
 .text.skip_atoi
                0x80022e3c       0x4c c:/devkitPro/libogc/lib/wii\libogc.a(kprintf.o)
 .text.number   0x80022e88      0x2c0 c:/devkitPro/libogc/lib/wii\libogc.a(kprintf.o)
 .text.kvsprintf
                0x80023148      0x684 c:/devkitPro/libogc/lib/wii\libogc.a(kprintf.o)
                0x80023148                kvsprintf
 .text.kprintf  0x800237cc       0xac c:/devkitPro/libogc/lib/wii\libogc.a(kprintf.o)
                0x800237cc                kprintf
 .text.__lwp_queue_initialize
                0x80023878       0x54 c:/devkitPro/libogc/lib/wii\libogc.a(lwp_queue.o)
                0x80023878                __lwp_queue_initialize
 .text.__lwp_queue_get
                0x800238cc       0x7c c:/devkitPro/libogc/lib/wii\libogc.a(lwp_queue.o)
                0x800238cc                __lwp_queue_get
 .text.__lwp_queue_append
                0x80023948       0x4c c:/devkitPro/libogc/lib/wii\libogc.a(lwp_queue.o)
                0x80023948                __lwp_queue_append
 *(.gnu.warning)
 *(.gnu.linkonce.t.*)
                0x800239a0                . = ALIGN (0x20)
 *fill*         0x80023994        0xc 00000000

.fini           0x800239a0       0x20
 *(.fini)
 .fini          0x800239a0        0xc c:/devkitpro/devkitppc/bin/../lib/gcc/powerpc-gekko/4.2.4/ecrti.o
                0x800239a0                __fini
 .fini          0x800239ac        0x4 c:/devkitpro/devkitppc/bin/../lib/gcc/powerpc-gekko/4.2.4/crtbegin.o
 .fini          0x800239b0       0x10 c:/devkitpro/devkitppc/bin/../lib/gcc/powerpc-gekko/4.2.4/ecrtn.o
                0x800239c0                . = ALIGN (0x20)
                0x800239c0                PROVIDE (__etext, .)
                0x800239c0                PROVIDE (_etext, .)
                0x800239c0                PROVIDE (etext, .)

.rodata         0x800239c0     0x1a64
 *(.rodata)
 .rodata        0x800239c0      0x444 starlet.elf.o
                0x80023e00                starlet_elf_end
                0x80023e00                starlet_elf_size
                0x800239c0                starlet_elf
 .rodata        0x80023e04       0x24 c:/devkitPro/libogc/lib/wii\libogc.a(newlibc.o)
 .rodata        0x80023e28       0x5c c:/devkitpro/devkitppc/bin/../lib/gcc/powerpc-gekko/4.2.4/../../../../powerpc-gekko/lib\libsysbase.a(iosupport.o)
                0x80023e28                dotab_stdnull
 .rodata        0x80023e84      0x101 c:/devkitpro/devkitppc/bin/../lib/gcc/powerpc-gekko/4.2.4/../../../../powerpc-gekko/lib\libc.a(lib_a-ctype_.o)
                0x80023e84                _ctype_
 *fill*         0x80023f85        0x3 00
 .rodata        0x80023f88      0x184 c:/devkitpro/devkitppc/bin/../lib/gcc/powerpc-gekko/4.2.4/../../../../powerpc-gekko/lib\libc.a(lib_a-vfprintf.o)
 .rodata        0x8002410c       0x18 c:/devkitpro/devkitppc/bin/../lib/gcc/powerpc-gekko/4.2.4/../../../../powerpc-gekko/lib\libc.a(lib_a-dtoa.o)
 .rodata        0x80024124       0xb8 c:/devkitpro/devkitppc/bin/../lib/gcc/powerpc-gekko/4.2.4/../../../../powerpc-gekko/lib\libc.a(lib_a-locale.o)
 .rodata        0x800241dc       0xa8 c:/devkitpro/devkitppc/bin/../lib/gcc/powerpc-gekko/4.2.4/../../../../powerpc-gekko/lib\libc.a(lib_a-mbtowc_r.o)
 *fill*         0x80024284        0x4 00
 .rodata        0x80024288      0x128 c:/devkitpro/devkitppc/bin/../lib/gcc/powerpc-gekko/4.2.4/../../../../powerpc-gekko/lib\libc.a(lib_a-mprec.o)
                0x80024388                __mprec_tinytens
                0x80024288                __mprec_tens
                0x80024360                __mprec_bigtens
 *(.rodata.*)
 .rodata.str1.4
                0x800243b0      0x1af main.o
 *fill*         0x8002455f        0x1 00
 .rodata.mload_fs
                0x80024560        0xb mload.o
 *fill*         0x8002456b        0x1 00
 .rodata.str1.4
                0x8002456c       0x1c mload.o
                                 0x20 (size before relaxing)
 .rodata.__console_write
                0x80024588       0xec c:/devkitPro/libogc/lib/wii\libogc.a(console.o)
 .rodata.color_table
                0x80024674       0x40 c:/devkitPro/libogc/lib/wii\libogc.a(console.o)
                0x80024674                color_table
 .rodata.dotab_stdout
                0x800246b4       0x5c c:/devkitPro/libogc/lib/wii\libogc.a(console.o)
                0x800246b4                dotab_stdout
 .rodata.str1.4
                0x80024710        0x7 c:/devkitPro/libogc/lib/wii\libogc.a(console.o)
 *fill*         0x80024717        0x1 00
 .rodata.__gettiming
                0x80024718       0x58 c:/devkitPro/libogc/lib/wii\libogc.a(video.o)
 .rodata.C.34.7301
                0x80024770       0x21 c:/devkitPro/libogc/lib/wii\libogc.a(video.o)
 *fill*         0x80024791        0x1 00
 .rodata.video_timing
                0x80024792      0x17c c:/devkitPro/libogc/lib/wii\libogc.a(video.o)
 *fill*         0x8002490e        0x2 00
 .rodata.SYS_ResetSystem
                0x80024910       0x1c c:/devkitPro/libogc/lib/wii\libogc.a(system.o)
 .rodata.str1.4
                0x8002492c       0x65 c:/devkitPro/libogc/lib/wii\libogc.a(system.o)
 *fill*         0x80024991        0x3 00
 .rodata.__ios_ioctlvformat_parse
                0x80024994      0x128 c:/devkitPro/libogc/lib/wii\libogc.a(ipc.o)
 .rodata.str1.4
                0x80024abc        0x2 c:/devkitPro/libogc/lib/wii\libogc.a(newlibc.o)
 *fill*         0x80024abe        0x2 00
 .rodata.str1.4
                0x80024ac0       0x40 c:/devkitPro/libogc/lib/wii\libogc.a(ios.o)
 .rodata.dotab_es
                0x80024b00       0x5c c:/devkitPro/libogc/lib/wii\libogc.a(es.o)
 .rodata.str1.4
                0x80024b5c       0x73 c:/devkitPro/libogc/lib/wii\libogc.a(es.o)
                                 0x87 (size before relaxing)
 *fill*         0x80024bcf        0x1 00
 .rodata.CONF_GetLength
                0x80024bd0       0x20 c:/devkitPro/libogc/lib/wii\libogc.a(conf.o)
 .rodata.CONF_Get
                0x80024bf0       0x20 c:/devkitPro/libogc/lib/wii\libogc.a(conf.o)
 *fill*         0x80024c10       0x10 00
 .rodata.__conf_file
                0x80024c20       0x15 c:/devkitPro/libogc/lib/wii\libogc.a(conf.o)
 *fill*         0x80024c35        0x3 00
 .rodata.str1.4
                0x80024c38      0x111 c:/devkitPro/libogc/lib/wii\libogc.a(conf.o)
 *fill*         0x80024d49       0x17 00
 .rodata.__conf_txt_file
                0x80024d60       0x2a c:/devkitPro/libogc/lib/wii\libogc.a(conf.o)
 *fill*         0x80024d8a        0x2 00
 .rodata.exception_location